workers: 8 processes x concurrency 2 (8 tasks, 2825 frames)
bundle ok 5.1s (shared by 8 processes)
[w0] fonts: private fontconfig; monospace -> DejaVu Sans Mono (/srv/openmontage-render/jobs/v4-final-4x8-0/work/composer/render-fonts/DejaVuSansMono.ttf); sans-serif -> DejaVu Sans (/srv/openmontage-render/jobs/v4-final-4x8-0/work/composer/render-fonts/DejaVuSans.ttf)
[w0] Detected differing memory amounts:
[w0] Memory reported by CGroup: 8796092832259.63 MB
[w0] Memory reported by /proc/meminfo: 457184.55 MB
[w0] Memory reported by Node: 457184.55 MB
[w0] You might have inadvertently set the --memory flag of `docker run` to a value that is higher than the global Docker memory limit.
[w0] Using the lower amount of memory for calculation.
[w4] fonts: private fontconfig; monospace -> DejaVu Sans Mono (/srv/openmontage-render/jobs/v4-final-4x8-0/work/composer/render-fonts/DejaVuSansMono.ttf); sans-serif -> DejaVu Sans (/srv/openmontage-render/jobs/v4-final-4x8-0/work/composer/render-fonts/DejaVuSans.ttf)
[w1] fonts: private fontconfig; monospace -> DejaVu Sans Mono (/srv/openmontage-render/jobs/v4-final-4x8-0/work/composer/render-fonts/DejaVuSansMono.ttf); sans-serif -> DejaVu Sans (/srv/openmontage-render/jobs/v4-final-4x8-0/work/composer/render-fonts/DejaVuSans.ttf)
[w1] Detected differing memory amounts:
[w1] Memory reported by CGroup: 8796092832263.75 MB
[w1] Memory reported by /proc/meminfo: 457184.39 MB
[w4] Detected differing memory amounts:
[w4] Memory reported by CGroup: 8796092832263.75 MB
[w4] Memory reported by /proc/meminfo: 457184.39 MB
[w4] Memory reported by Node: 457184.39 MB
[w4] You might have inadvertently set the --memory flag of `docker run` to a value that is higher than the global Docker memory limit.
[w4] Using the lower amount of memory for calculation.
[w1] Memory reported by Node: 457184.39 MB
[w1] You might have inadvertently set the --memory flag of `docker run` to a value that is higher than the global Docker memory limit.
[w1] Using the lower amount of memory for calculation.
[w2] fonts: private fontconfig; monospace -> DejaVu Sans Mono (/srv/openmontage-render/jobs/v4-final-4x8-0/work/composer/render-fonts/DejaVuSansMono.ttf); sans-serif -> DejaVu Sans (/srv/openmontage-render/jobs/v4-final-4x8-0/work/composer/render-fonts/DejaVuSans.ttf)
[w2] Detected differing memory amounts:
[w2] Memory reported by CGroup: 8796092832263.25 MB
[w2] Memory reported by /proc/meminfo: 457182.08 MB
[w2] Memory reported by Node: 457182.61 MB
[w2] You might have inadvertently set the --memory flag of `docker run` to a value that is higher than the global Docker memory limit.
[w3] fonts: private fontconfig; monospace -> DejaVu Sans Mono (/srv/openmontage-render/jobs/v4-final-4x8-0/work/composer/render-fonts/DejaVuSansMono.ttf); sans-serif -> DejaVu Sans (/srv/openmontage-render/jobs/v4-final-4x8-0/work/composer/render-fonts/DejaVuSans.ttf)
[w2] Using the lower amount of memory for calculation.
[w7] fonts: private fontconfig; monospace -> DejaVu Sans Mono (/srv/openmontage-render/jobs/v4-final-4x8-0/work/composer/render-fonts/DejaVuSansMono.ttf); sans-serif -> DejaVu Sans (/srv/openmontage-render/jobs/v4-final-4x8-0/work/composer/render-fonts/DejaVuSans.ttf)
[w3] Detected differing memory amounts:
[w3] Memory reported by CGroup: 8796092832262.08 MB
[w3] Memory reported by /proc/meminfo: 457181.85 MB
[w3] Memory reported by Node: 457181.36 MB
[w3] You might have inadvertently set the --memory flag of `docker run` to a value that is higher than the global Docker memory limit.
[w3] Using the lower amount of memory for calculation.
[w7] Detected differing memory amounts:
[w7] Memory reported by CGroup: 8796092832262.77 MB
[w7] Memory reported by /proc/meminfo: 457181.36 MB
[w7] Memory reported by Node: 457181.36 MB
[w7] You might have inadvertently set the --memory flag of `docker run` to a value that is higher than the global Docker memory limit.
[w7] Using the lower amount of memory for calculation.
[w5] fonts: private fontconfig; monospace -> DejaVu Sans Mono (/srv/openmontage-render/jobs/v4-final-4x8-0/work/composer/render-fonts/DejaVuSansMono.ttf); sans-serif -> DejaVu Sans (/srv/openmontage-render/jobs/v4-final-4x8-0/work/composer/render-fonts/DejaVuSans.ttf)
[w5] Detected differing memory amounts:
[w5] Memory reported by CGroup: 8796092832259.34 MB
[w5] Memory reported by /proc/meminfo: 457174.93 MB
[w5] Memory reported by Node: 457174.93 MB
[w5] You might have inadvertently set the --memory flag of `docker run` to a value that is higher than the global Docker memory limit.
[w5] Using the lower amount of memory for calculation.
[w6] fonts: private fontconfig; monospace -> DejaVu Sans Mono (/srv/openmontage-render/jobs/v4-final-4x8-0/work/composer/render-fonts/DejaVuSansMono.ttf); sans-serif -> DejaVu Sans (/srv/openmontage-render/jobs/v4-final-4x8-0/work/composer/render-fonts/DejaVuSans.ttf)
[w6] Detected differing memory amounts:
[w6] Memory reported by CGroup: 8796092832091.21 MB
[w6] Memory reported by /proc/meminfo: 456999.70 MB
[w6] Memory reported by Node: 457000.19 MB
[w6] You might have inadvertently set the --memory flag of `docker run` to a value that is higher than the global Docker memory limit.
[w6] Using the lower amount of memory for calculation.
[w4] Detected differing memory amounts:
[w4] Memory reported by CGroup: 8796092831404.04 MB
[w4] Memory reported by /proc/meminfo: 456281.14 MB
[w4] Memory reported by Node: 456282.13 MB
[w4] You might have inadvertently set the --memory flag of `docker run` to a value that is higher than the global Docker memory limit.
[w4] Using the lower amount of memory for calculation.
[w2] Detected differing memory amounts:
[w2] Memory reported by CGroup: 8796092831389.32 MB
[w2] Memory reported by /proc/meminfo: 456266.08 MB
[w2] Memory reported by Node: 456266.08 MB
[w2] You might have inadvertently set the --memory flag of `docker run` to a value that is higher than the global Docker memory limit.
[w2] Using the lower amount of memory for calculation.
[w0] Detected differing memory amounts:
[w0] Memory reported by CGroup: 8796092831384.52 MB
[w0] Memory reported by /proc/meminfo: 456260.83 MB
[w0] Memory reported by Node: 456260.83 MB
[w0] You might have inadvertently set the --memory flag of `docker run` to a value that is higher than the global Docker memory limit.
[w0] Using the lower amount of memory for calculation.
[w1] Detected differing memory amounts:
[w1] Memory reported by CGroup: 8796092830974.46 MB
[w1] Memory reported by /proc/meminfo: 455807.05 MB
[w1] Memory reported by Node: 455807.54 MB
[w1] You might have inadvertently set the --memory flag of `docker run` to a value that is higher than the global Docker memory limit.
[w1] Using the lower amount of memory for calculation.
[w3] Detected differing memory amounts:
[w3] Memory reported by CGroup: 8796092830966.83 MB
[w3] Memory reported by /proc/meminfo: 455799.54 MB
[w3] Memory reported by Node: 455800.04 MB
[w3] You might have inadvertently set the --memory flag of `docker run` to a value that is higher than the global Docker memory limit.
[w3] Using the lower amount of memory for calculation.
[w5] Detected differing memory amounts:
[w5] Memory reported by CGroup: 8796092830955.89 MB
[w5] Memory reported by /proc/meminfo: 455784.71 MB
[w5] Memory reported by Node: 455785.21 MB
[w5] You might have inadvertently set the --memory flag of `docker run` to a value that is higher than the global Docker memory limit.
[w5] Using the lower amount of memory for calculation.
[w7] Detected differing memory amounts:
[w7] Memory reported by CGroup: 8796092830904.14 MB
[w7] Memory reported by /proc/meminfo: 455732.53 MB
[w7] Memory reported by Node: 455733.22 MB
[w7] You might have inadvertently set the --memory flag of `docker run` to a value that is higher than the global Docker memory limit.
[w7] Using the lower amount of memory for calculation.
[w6] Detected differing memory amounts:
[w6] Memory reported by CGroup: 8796092830810.20 MB
[w6] Memory reported by /proc/meminfo: 455622.46 MB
[w6] Memory reported by Node: 455622.46 MB
[w6] You might have inadvertently set the --memory flag of `docker run` to a value that is higher than the global Docker memory limit.
[w6] Using the lower amount of memory for calculation.
[w2] composition Explainer frames=11300 fps=30 1920x1080
[w4] composition Explainer frames=11300 fps=30 1920x1080
[w2] Detected differing memory amounts:
[w2] Memory reported by CGroup: 8796092829475.42 MB
[w2] Memory reported by /proc/meminfo: 454151.33 MB
[w2] Memory reported by Node: 454151.33 MB
[w2] You might have inadvertently set the --memory flag of `docker run` to a value that is higher than the global Docker memory limit.
[w2] Using the lower amount of memory for calculation.
[w4] Detected differing memory amounts:
[w4] Memory reported by CGroup: 8796092829472.33 MB
[w4] Memory reported by /proc/meminfo: 454146.77 MB
[w4] Memory reported by Node: 454146.77 MB
[w4] You might have inadvertently set the --memory flag of `docker run` to a value that is higher than the global Docker memory limit.
[w4] Using the lower amount of memory for calculation.
[w0] composition Explainer frames=11300 fps=30 1920x1080
[w0] Detected differing memory amounts:
[w0] Memory reported by CGroup: 8796092829381.56 MB
[w0] Memory reported by /proc/meminfo: 454052.65 MB
[w0] Memory reported by Node: 454052.65 MB
[w0] You might have inadvertently set the --memory flag of `docker run` to a value that is higher than the global Docker memory limit.
[w0] Using the lower amount of memory for calculation.
@@progress p002.mp4 0 354
@@progress p004.mp4 0 354
[w5] composition Explainer frames=11300 fps=30 1920x1080
[w5] Detected differing memory amounts:
[w5] Memory reported by CGroup: 8796092829013.77 MB
[w5] Memory reported by /proc/meminfo: 453679.43 MB
[w5] Memory reported by Node: 453679.92 MB
[w5] You might have inadvertently set the --memory flag of `docker run` to a value that is higher than the global Docker memory limit.
[w5] Using the lower amount of memory for calculation.
[w1] composition Explainer frames=11300 fps=30 1920x1080
[w7] composition Explainer frames=11300 fps=30 1920x1080
[w2] Detected differing memory amounts:
[w2] Memory reported by CGroup: 8796092829032.35 MB
[w2] Memory reported by /proc/meminfo: 453695.57 MB
[w2] Memory reported by Node: 453695.57 MB
[w2] You might have inadvertently set the --memory flag of `docker run` to a value that is higher than the global Docker memory limit.
[w2] Using the lower amount of memory for calculation.
[w1] Detected differing memory amounts:
[w1] Memory reported by CGroup: 8796092829040.07 MB
[w1] Memory reported by /proc/meminfo: 453701.97 MB
[w1] Memory reported by Node: 453701.48 MB
[w1] You might have inadvertently set the --memory flag of `docker run` to a value that is higher than the global Docker memory limit.
[w1] Using the lower amount of memory for calculation.
[w3] composition Explainer frames=11300 fps=30 1920x1080
[w7] Detected differing memory amounts:
[w7] Memory reported by CGroup: 8796092829075.77 MB
[w7] Memory reported by /proc/meminfo: 453731.51 MB
[w7] Memory reported by Node: 453731.24 MB
[w7] You might have inadvertently set the --memory flag of `docker run` to a value that is higher than the global Docker memory limit.
[w7] Using the lower amount of memory for calculation.
[w3] Detected differing memory amounts:
[w3] Memory reported by CGroup: 8796092829074.38 MB
[w3] Memory reported by /proc/meminfo: 453735.67 MB
[w3] Memory reported by Node: 453735.67 MB
[w3] You might have inadvertently set the --memory flag of `docker run` to a value that is higher than the global Docker memory limit.
[w3] Using the lower amount of memory for calculation.
[w2] Detected differing memory amounts:
[w2] Memory reported by CGroup: 8796092829033.27 MB
[w2] Memory reported by /proc/meminfo: 453700.37 MB
[w2] Memory reported by Node: 453700.37 MB
[w2] You might have inadvertently set the --memory flag of `docker run` to a value that is higher than the global Docker memory limit.
[w2] Using the lower amount of memory for calculation.
[w4] Detected differing memory amounts:
[w4] Memory reported by CGroup: 8796092828913.09 MB
[w4] Memory reported by /proc/meminfo: 453587.08 MB
[w4] Memory reported by Node: 453587.08 MB
[w6] composition Explainer frames=11300 fps=30 1920x1080
[w4] You might have inadvertently set the --memory flag of `docker run` to a value that is higher than the global Docker memory limit.
[w4] Using the lower amount of memory for calculation.
[w4] Detected differing memory amounts:
[w4] Memory reported by CGroup: 8796092828916.71 MB
[w4] Memory reported by /proc/meminfo: 453587.05 MB
[w4] Memory reported by Node: 453587.54 MB
[w4] You might have inadvertently set the --memory flag of `docker run` to a value that is higher than the global Docker memory limit.
[w4] Using the lower amount of memory for calculation.
@@progress p000.mp4 0 354
[w6] Detected differing memory amounts:
[w6] Memory reported by CGroup: 8796092828887.44 MB
[w6] Memory reported by /proc/meminfo: 453552.54 MB
[w6] Memory reported by Node: 453552.54 MB
[w6] You might have inadvertently set the --memory flag of `docker run` to a value that is higher than the global Docker memory limit.
[w6] Using the lower amount of memory for calculation.
@@progress p005.mp4 0 354
@@progress p001.mp4 0 354
@@progress p007.mp4 0 347
[w0] Detected differing memory amounts:
[w0] Memory reported by CGroup: 8796092828579.72 MB
[w0] Memory reported by /proc/meminfo: 453230.88 MB
[w0] Memory reported by Node: 453230.88 MB
[w0] You might have inadvertently set the --memory flag of `docker run` to a value that is higher than the global Docker memory limit.
[w0] Using the lower amount of memory for calculation.
[w0] Detected differing memory amounts:
[w0] Memory reported by CGroup: 8796092828578.21 MB
[w0] Memory reported by /proc/meminfo: 453228.68 MB
[w0] Memory reported by Node: 453229.17 MB
[w0] You might have inadvertently set the --memory flag of `docker run` to a value that is higher than the global Docker memory limit.
[w0] Using the lower amount of memory for calculation.
@@progress p003.mp4 0 354
@@progress p006.mp4 0 354
[w5] Detected differing memory amounts:
[w5] Memory reported by CGroup: 8796092828237.91 MB
[w5] Memory reported by /proc/meminfo: 452878.16 MB
[w5] Memory reported by Node: 452878.16 MB
[w5] You might have inadvertently set the --memory flag of `docker run` to a value that is higher than the global Docker memory limit.
[w5] Using the lower amount of memory for calculation.
[w7] Detected differing memory amounts:
[w7] Memory reported by CGroup: 8796092828239.69 MB
[w7] Memory reported by /proc/meminfo: 452874.67 MB
[w7] Memory reported by Node: 452874.67 MB
[w7] You might have inadvertently set the --memory flag of `docker run` to a value that is higher than the global Docker memory limit.
[w7] Using the lower amount of memory for calculation.
[w1] Detected differing memory amounts:
[w1] Memory reported by CGroup: 8796092828229.04 MB
[w1] Memory reported by /proc/meminfo: 452865.15 MB
[w1] Memory reported by Node: 452865.64 MB
[w1] You might have inadvertently set the --memory flag of `docker run` to a value that is higher than the global Docker memory limit.
[w1] Using the lower amount of memory for calculation.
[w3] Detected differing memory amounts:
[w3] Memory reported by CGroup: 8796092828223.84 MB
[w3] Memory reported by /proc/meminfo: 452860.23 MB
[w3] Memory reported by Node: 452860.23 MB
[w3] You might have inadvertently set the --memory flag of `docker run` to a value that is higher than the global Docker memory limit.
[w3] Using the lower amount of memory for calculation.
[w5] Detected differing memory amounts:
[w5] Memory reported by CGroup: 8796092828215.93 MB
[w5] Memory reported by /proc/meminfo: 452853.34 MB
[w5] Memory reported by Node: 452853.34 MB
[w5] You might have inadvertently set the --memory flag of `docker run` to a value that is higher than the global Docker memory limit.
[w5] Using the lower amount of memory for calculation.
[w7] Detected differing memory amounts:
[w7] Memory reported by CGroup: 8796092828230.63 MB
[w7] Memory reported by /proc/meminfo: 452862.82 MB
[w7] Memory reported by Node: 452862.82 MB
[w7] You might have inadvertently set the --memory flag of `docker run` to a value that is higher than the global Docker memory limit.
[w7] Using the lower amount of memory for calculation.
[w3] Detected differing memory amounts:
[w3] Memory reported by CGroup: 8796092828231.79 MB
[w3] Memory reported by /proc/meminfo: 452865.38 MB
[w3] Memory reported by Node: 452865.38 MB
[w3] You might have inadvertently set the --memory flag of `docker run` to a value that is higher than the global Docker memory limit.
[w3] Using the lower amount of memory for calculation.
[w1] Detected differing memory amounts:
[w1] Memory reported by CGroup: 8796092828199.98 MB
[w1] Memory reported by /proc/meminfo: 452834.95 MB
[w1] Memory reported by Node: 452834.95 MB
[w1] You might have inadvertently set the --memory flag of `docker run` to a value that is higher than the global Docker memory limit.
[w1] Using the lower amount of memory for calculation.
[w6] Detected differing memory amounts:
[w6] Memory reported by CGroup: 8796092828193.15 MB
[w6] Memory reported by /proc/meminfo: 452825.40 MB
[w6] Memory reported by Node: 452825.40 MB
[w6] You might have inadvertently set the --memory flag of `docker run` to a value that is higher than the global Docker memory limit.
[w6] Using the lower amount of memory for calculation.
[w6] Detected differing memory amounts:
[w6] Memory reported by CGroup: 8796092828140.18 MB
[w6] Memory reported by /proc/meminfo: 452788.24 MB
[w6] Memory reported by Node: 452788.24 MB
[w6] You might have inadvertently set the --memory flag of `docker run` to a value that is higher than the global Docker memory limit.
[w6] Using the lower amount of memory for calculation.
@@progress p006.mp4 10 354
@@progress p000.mp4 10 354
@@progress p002.mp4 10 354
@@progress p001.mp4 10 354
@@progress p007.mp4 10 347
@@progress p003.mp4 10 354
@@progress p005.mp4 10 354
@@progress p004.mp4 10 354
@@progress p006.mp4 20 354
@@progress p000.mp4 20 354
@@progress p001.mp4 20 354
@@progress p002.mp4 20 354
@@progress p007.mp4 20 347
@@progress p003.mp4 20 354
@@progress p000.mp4 30 354
@@progress p006.mp4 30 354
@@progress p005.mp4 20 354
@@progress p002.mp4 30 354
@@progress p001.mp4 30 354
@@progress p004.mp4 20 354
@@progress p007.mp4 30 347
@@progress p003.mp4 30 354
@@progress p000.mp4 40 354
@@progress p006.mp4 40 354
@@progress p001.mp4 40 354
@@progress p007.mp4 40 347
@@progress p002.mp4 40 354
@@progress p003.mp4 40 354
@@progress p005.mp4 30 354
@@progress p000.mp4 50 354
@@progress p004.mp4 30 354
@@progress p006.mp4 50 354
@@progress p001.mp4 50 354
@@progress p002.mp4 50 354
@@progress p007.mp4 50 347
@@progress p003.mp4 50 354
@@progress p000.mp4 60 354
@@progress p006.mp4 60 354
@@progress p005.mp4 40 354
@@progress p001.mp4 60 354
@@progress p007.mp4 60 347
@@progress p002.mp4 60 354
@@progress p004.mp4 40 354
@@progress p000.mp4 70 354
@@progress p003.mp4 60 354
@@progress p006.mp4 70 354
@@progress p001.mp4 70 354
@@progress p002.mp4 70 354
@@progress p007.mp4 70 347
@@progress p005.mp4 50 354
@@progress p000.mp4 80 354
@@progress p003.mp4 70 354
@@progress p006.mp4 80 354
@@progress p004.mp4 50 354
@@progress p001.mp4 80 354
@@progress p007.mp4 80 347
@@progress p002.mp4 80 354
@@progress p000.mp4 90 354
@@progress p006.mp4 90 354
@@progress p005.mp4 60 354
@@progress p003.mp4 80 354
@@progress p001.mp4 90 354
@@progress p007.mp4 90 347
@@progress p002.mp4 90 354
@@progress p000.mp4 100 354
@@progress p004.mp4 60 354
@@progress p006.mp4 100 354
@@progress p003.mp4 90 354
@@progress p005.mp4 70 354
@@progress p001.mp4 100 354
@@progress p000.mp4 110 354
@@progress p007.mp4 100 347
@@progress p002.mp4 100 354
@@progress p006.mp4 110 354
@@progress p003.mp4 100 354
@@progress p004.mp4 70 354
@@progress p000.mp4 120 354
@@progress p001.mp4 110 354
@@progress p002.mp4 110 354
@@progress p007.mp4 110 347
@@progress p006.mp4 120 354
@@progress p005.mp4 80 354
@@progress p003.mp4 110 354
@@progress p000.mp4 130 354
@@progress p001.mp4 120 354
@@progress p002.mp4 120 354
@@progress p007.mp4 120 347
@@progress p006.mp4 130 354
@@progress p004.mp4 80 354
@@progress p000.mp4 140 354
@@progress p005.mp4 90 354
@@progress p003.mp4 120 354
@@progress p001.mp4 130 354
@@progress p002.mp4 130 354
@@progress p007.mp4 130 347
@@progress p006.mp4 140 354
@@progress p000.mp4 150 354
@@progress p003.mp4 130 354
@@progress p004.mp4 90 354
@@progress p001.mp4 140 354
@@progress p002.mp4 140 354
@@progress p006.mp4 150 354
@@progress p007.mp4 140 347
@@progress p005.mp4 100 354
@@progress p000.mp4 160 354
@@progress p003.mp4 140 354
@@progress p006.mp4 160 354
@@progress p001.mp4 150 354
@@progress p002.mp4 150 354
@@progress p007.mp4 150 347
@@progress p000.mp4 170 354
@@progress p004.mp4 100 354
@@progress p005.mp4 110 354
@@progress p006.mp4 170 354
@@progress p002.mp4 160 354
@@progress p001.mp4 160 354
@@progress p003.mp4 150 354
@@progress p007.mp4 160 347
@@progress p000.mp4 180 354
@@progress p006.mp4 180 354
@@progress p002.mp4 170 354
@@progress p005.mp4 120 354
@@progress p001.mp4 170 354
@@progress p004.mp4 110 354
@@progress p007.mp4 170 347
@@progress p000.mp4 190 354
@@progress p003.mp4 160 354
@@progress p006.mp4 190 354
@@progress p002.mp4 180 354
@@progress p001.mp4 180 354
@@progress p007.mp4 180 347
@@progress p000.mp4 200 354
@@progress p005.mp4 130 354
@@progress p006.mp4 200 354
@@progress p004.mp4 120 354
@@progress p003.mp4 170 354
@@progress p002.mp4 190 354
@@progress p001.mp4 190 354
@@progress p000.mp4 210 354
@@progress p007.mp4 190 347
@@progress p005.mp4 140 354
@@progress p006.mp4 210 354
@@progress p002.mp4 200 354
@@progress p001.mp4 200 354
@@progress p004.mp4 130 354
@@progress p000.mp4 220 354
@@progress p003.mp4 180 354
@@progress p007.mp4 200 347
@@progress p005.mp4 150 354
@@progress p006.mp4 220 354
@@progress p002.mp4 210 354
@@progress p001.mp4 210 354
@@progress p000.mp4 230 354
@@progress p006.mp4 230 354
@@progress p005.mp4 160 354
@@progress p007.mp4 210 347
@@progress p003.mp4 190 354
@@progress p004.mp4 140 354
@@progress p002.mp4 220 354
@@progress p001.mp4 220 354
@@progress p000.mp4 240 354
@@progress p006.mp4 240 354
@@progress p005.mp4 170 354
@@progress p007.mp4 220 347
@@progress p002.mp4 230 354
@@progress p001.mp4 230 354
@@progress p003.mp4 200 354
@@progress p000.mp4 250 354
@@progress p006.mp4 250 354
@@progress p004.mp4 150 354
@@progress p005.mp4 180 354
@@progress p007.mp4 230 347
@@progress p002.mp4 240 354
@@progress p001.mp4 240 354
@@progress p000.mp4 260 354
@@progress p006.mp4 260 354
@@progress p005.mp4 190 354
@@progress p003.mp4 210 354
@@progress p002.mp4 250 354
@@progress p007.mp4 240 347
@@progress p004.mp4 160 354
@@progress p001.mp4 250 354
@@progress p000.mp4 270 354
@@progress p006.mp4 270 354
@@progress p005.mp4 200 354
@@progress p002.mp4 260 354
@@progress p003.mp4 220 354
@@progress p007.mp4 250 347
@@progress p001.mp4 260 354
@@progress p000.mp4 280 354
@@progress p006.mp4 280 354
@@progress p004.mp4 170 354
@@progress p005.mp4 210 354
@@progress p002.mp4 270 354
@@progress p001.mp4 270 354
@@progress p007.mp4 260 347
@@progress p000.mp4 290 354
@@progress p006.mp4 290 354
@@progress p003.mp4 230 354
@@progress p005.mp4 220 354
@@progress p002.mp4 280 354
@@progress p004.mp4 180 354
@@progress p001.mp4 280 354
@@progress p000.mp4 300 354
@@progress p006.mp4 300 354
@@progress p007.mp4 270 347
@@progress p005.mp4 230 354
@@progress p002.mp4 290 354
@@progress p003.mp4 240 354
@@progress p001.mp4 290 354
@@progress p006.mp4 310 354
@@progress p000.mp4 310 354
@@progress p004.mp4 190 354
@@progress p007.mp4 280 347
@@progress p005.mp4 240 354
@@progress p002.mp4 300 354
@@progress p001.mp4 300 354
@@progress p000.mp4 320 354
@@progress p006.mp4 320 354
@@progress p003.mp4 250 354
@@progress p007.mp4 290 347
@@progress p004.mp4 200 354
@@progress p005.mp4 250 354
@@progress p002.mp4 310 354
@@progress p001.mp4 310 354
@@progress p000.mp4 330 354
@@progress p006.mp4 330 354
@@progress p005.mp4 260 354
@@progress p007.mp4 300 347
@@progress p003.mp4 260 354
@@progress p001.mp4 320 354
@@progress p002.mp4 320 354
@@progress p004.mp4 210 354
@@progress p000.mp4 340 354
@@progress p006.mp4 340 354
@@progress p005.mp4 270 354
@@progress p007.mp4 310 347
@@progress p002.mp4 330 354
@@progress p001.mp4 330 354
@@progress p000.mp4 350 354
@@progress p006.mp4 350 354
@@progress p004.mp4 220 354
@@progress p003.mp4 270 354
@@progress p000.mp4 354 354
@@progress p000.mp4 354 354
@@progress p000.mp4 354 354
chunk p000.mp4 frames 0-353 done 155.4s
@@done p000.mp4
[w0] all done 156.4s
@@progress p005.mp4 280 354
@@progress p006.mp4 354 354
@@progress p006.mp4 354 354
@@progress p006.mp4 354 354
chunk p006.mp4 frames 2124-2477 done 156.3s
@@done p006.mp4
[w6] all done 157.5s
@@progress p001.mp4 340 354
@@progress p002.mp4 340 354
@@progress p007.mp4 320 347
@@progress p005.mp4 290 354
@@progress p003.mp4 280 354
@@progress p004.mp4 230 354
@@progress p001.mp4 350 354
@@progress p002.mp4 350 354
@@progress p007.mp4 330 347
@@progress p001.mp4 354 354
@@progress p001.mp4 354 354
@@progress p001.mp4 354 354
@@progress p002.mp4 354 354
@@progress p001.mp4 354 354
chunk p001.mp4 frames 354-707 done 162.4s
@@done p001.mp4
[w1] all done 163.5s
@@progress p002.mp4 354 354
@@progress p002.mp4 354 354
chunk p002.mp4 frames 708-1061 done 162.8s
@@done p002.mp4
[w2] all done 163.7s
@@progress p005.mp4 300 354
@@progress p007.mp4 340 347
@@progress p003.mp4 290 354
@@progress p004.mp4 240 354
@@progress p005.mp4 310 354
@@progress p007.mp4 347 347
@@progress p007.mp4 347 347
@@progress p007.mp4 347 347
@@progress p007.mp4 347 347
chunk p007.mp4 frames 2478-2824 done 167.8s
@@done p007.mp4
[w7] all done 168.9s
@@progress p004.mp4 250 354
@@progress p005.mp4 320 354
@@progress p003.mp4 300 354
@@progress p005.mp4 330 354
@@progress p003.mp4 310 354
@@progress p004.mp4 260 354
@@progress p005.mp4 340 354
@@progress p004.mp4 270 354
@@progress p005.mp4 350 354
@@progress p003.mp4 320 354
@@progress p005.mp4 354 354
@@progress p005.mp4 354 354
@@progress p005.mp4 354 354
chunk p005.mp4 frames 1770-2123 done 176.7s
@@done p005.mp4
[w5] all done 177.7s
@@progress p004.mp4 280 354
@@progress p003.mp4 330 354
@@progress p004.mp4 290 354
@@progress p003.mp4 340 354
@@progress p004.mp4 300 354
@@progress p003.mp4 350 354
@@progress p003.mp4 354 354
@@progress p003.mp4 354 354
@@progress p003.mp4 354 354
chunk p003.mp4 frames 1062-1415 done 185.3s
@@done p003.mp4
[w3] all done 186.4s
@@progress p004.mp4 310 354
@@progress p004.mp4 320 354
@@progress p004.mp4 330 354
@@progress p004.mp4 340 354
@@progress p004.mp4 350 354
@@progress p004.mp4 354 354
@@progress p004.mp4 354 354
@@progress p004.mp4 354 354
@@progress p004.mp4 354 354
chunk p004.mp4 frames 1416-1769 done 198.0s
@@done p004.mp4
[w4] all done 198.9s
all done
