workers: 8 processes x concurrency 2 (8 tasks, 2825 frames)
bundle ok 5.6s (shared by 8 processes)
[w1] fonts: private fontconfig; monospace -> DejaVu Sans Mono (/srv/openmontage-render/jobs/v4-final-4x8-2/work/composer/render-fonts/DejaVuSansMono.ttf); sans-serif -> DejaVu Sans (/srv/openmontage-render/jobs/v4-final-4x8-2/work/composer/render-fonts/DejaVuSans.ttf)
[w1] Detected differing memory amounts:
[w1] Memory reported by CGroup: 8796092830576.88 MB
[w1] Memory reported by /proc/meminfo: 455330.50 MB
[w1] Memory reported by Node: 455329.52 MB
[w1] You might have inadvertently set the --memory flag of `docker run` to a value that is higher than the global Docker memory limit.
[w1] Using the lower amount of memory for calculation.
[w2] fonts: private fontconfig; monospace -> DejaVu Sans Mono (/srv/openmontage-render/jobs/v4-final-4x8-2/work/composer/render-fonts/DejaVuSansMono.ttf); sans-serif -> DejaVu Sans (/srv/openmontage-render/jobs/v4-final-4x8-2/work/composer/render-fonts/DejaVuSans.ttf)
[w2] Detected differing memory amounts:
[w2] Memory reported by CGroup: 8796092830537.23 MB
[w2] Memory reported by /proc/meminfo: 455288.29 MB
[w2] Memory reported by Node: 455288.29 MB
[w2] You might have inadvertently set the --memory flag of `docker run` to a value that is higher than the global Docker memory limit.
[w2] Using the lower amount of memory for calculation.
[w4] fonts: private fontconfig; monospace -> DejaVu Sans Mono (/srv/openmontage-render/jobs/v4-final-4x8-2/work/composer/render-fonts/DejaVuSansMono.ttf); sans-serif -> DejaVu Sans (/srv/openmontage-render/jobs/v4-final-4x8-2/work/composer/render-fonts/DejaVuSans.ttf)
[w4] Detected differing memory amounts:
[w4] Memory reported by CGroup: 8796092830427.57 MB
[w4] Memory reported by /proc/meminfo: 455165.16 MB
[w4] Memory reported by Node: 455166.19 MB
[w4] You might have inadvertently set the --memory flag of `docker run` to a value that is higher than the global Docker memory limit.
[w4] Using the lower amount of memory for calculation.
[w5] fonts: private fontconfig; monospace -> DejaVu Sans Mono (/srv/openmontage-render/jobs/v4-final-4x8-2/work/composer/render-fonts/DejaVuSansMono.ttf); sans-serif -> DejaVu Sans (/srv/openmontage-render/jobs/v4-final-4x8-2/work/composer/render-fonts/DejaVuSans.ttf)
[w5] Detected differing memory amounts:
[w5] Memory reported by CGroup: 8796092830384.79 MB
[w5] Memory reported by /proc/meminfo: 455120.82 MB
[w5] Memory reported by Node: 455123.43 MB
[w5] You might have inadvertently set the --memory flag of `docker run` to a value that is higher than the global Docker memory limit.
[w5] Using the lower amount of memory for calculation.
[w3] fonts: private fontconfig; monospace -> DejaVu Sans Mono (/srv/openmontage-render/jobs/v4-final-4x8-2/work/composer/render-fonts/DejaVuSansMono.ttf); sans-serif -> DejaVu Sans (/srv/openmontage-render/jobs/v4-final-4x8-2/work/composer/render-fonts/DejaVuSans.ttf)
[w3] Detected differing memory amounts:
[w3] Memory reported by CGroup: 8796092830283.25 MB
[w3] Memory reported by /proc/meminfo: 455016.54 MB
[w3] Memory reported by Node: 455017.03 MB
[w3] You might have inadvertently set the --memory flag of `docker run` to a value that is higher than the global Docker memory limit.
[w3] Using the lower amount of memory for calculation.
[w7] fonts: private fontconfig; monospace -> DejaVu Sans Mono (/srv/openmontage-render/jobs/v4-final-4x8-2/work/composer/render-fonts/DejaVuSansMono.ttf); sans-serif -> DejaVu Sans (/srv/openmontage-render/jobs/v4-final-4x8-2/work/composer/render-fonts/DejaVuSans.ttf)
[w7] Detected differing memory amounts:
[w7] Memory reported by CGroup: 8796092830258.35 MB
[w7] Memory reported by /proc/meminfo: 454991.36 MB
[w7] Memory reported by Node: 454991.85 MB
[w7] You might have inadvertently set the --memory flag of `docker run` to a value that is higher than the global Docker memory limit.
[w7] Using the lower amount of memory for calculation.
[w0] fonts: private fontconfig; monospace -> DejaVu Sans Mono (/srv/openmontage-render/jobs/v4-final-4x8-2/work/composer/render-fonts/DejaVuSansMono.ttf); sans-serif -> DejaVu Sans (/srv/openmontage-render/jobs/v4-final-4x8-2/work/composer/render-fonts/DejaVuSans.ttf)
[w0] Detected differing memory amounts:
[w0] Memory reported by CGroup: 8796092830196.34 MB
[w0] Memory reported by /proc/meminfo: 454917.26 MB
[w0] Memory reported by Node: 454918.26 MB
[w0] You might have inadvertently set the --memory flag of `docker run` to a value that is higher than the global Docker memory limit.
[w0] Using the lower amount of memory for calculation.
[w6] fonts: private fontconfig; monospace -> DejaVu Sans Mono (/srv/openmontage-render/jobs/v4-final-4x8-2/work/composer/render-fonts/DejaVuSansMono.ttf); sans-serif -> DejaVu Sans (/srv/openmontage-render/jobs/v4-final-4x8-2/work/composer/render-fonts/DejaVuSans.ttf)
[w6] Detected differing memory amounts:
[w6] Memory reported by CGroup: 8796092830144.16 MB
[w6] Memory reported by /proc/meminfo: 454859.73 MB
[w6] Memory reported by Node: 454860.72 MB
[w6] You might have inadvertently set the --memory flag of `docker run` to a value that is higher than the global Docker memory limit.
[w6] Using the lower amount of memory for calculation.
[w2] Detected differing memory amounts:
[w2] Memory reported by CGroup: 8796092829380.40 MB
[w2] Memory reported by /proc/meminfo: 454052.16 MB
[w2] Memory reported by Node: 454052.16 MB
[w2] You might have inadvertently set the --memory flag of `docker run` to a value that is higher than the global Docker memory limit.
[w2] Using the lower amount of memory for calculation.
[w1] Detected differing memory amounts:
[w1] Memory reported by CGroup: 8796092829378.26 MB
[w1] Memory reported by /proc/meminfo: 454050.03 MB
[w1] Memory reported by Node: 454050.03 MB
[w1] You might have inadvertently set the --memory flag of `docker run` to a value that is higher than the global Docker memory limit.
[w1] Using the lower amount of memory for calculation.
[w4] Detected differing memory amounts:
[w4] Memory reported by CGroup: 8796092828913.57 MB
[w4] Memory reported by /proc/meminfo: 453587.09 MB
[w4] Memory reported by Node: 453587.58 MB
[w4] You might have inadvertently set the --memory flag of `docker run` to a value that is higher than the global Docker memory limit.
[w4] Using the lower amount of memory for calculation.
[w0] Detected differing memory amounts:
[w0] Memory reported by CGroup: 8796092828925.04 MB
[w0] Memory reported by /proc/meminfo: 453590.61 MB
[w0] Memory reported by Node: 453590.61 MB
[w0] You might have inadvertently set the --memory flag of `docker run` to a value that is higher than the global Docker memory limit.
[w0] Using the lower amount of memory for calculation.
[w6] Detected differing memory amounts:
[w6] Memory reported by CGroup: 8796092828910.84 MB
[w6] Memory reported by /proc/meminfo: 453576.96 MB
[w6] Memory reported by Node: 453576.96 MB
[w5] Detected differing memory amounts:
[w6] You might have inadvertently set the --memory flag of `docker run` to a value that is higher than the global Docker memory limit.
[w6] Using the lower amount of memory for calculation.
[w5] Memory reported by CGroup: 8796092828910.17 MB
[w5] Memory reported by /proc/meminfo: 453576.27 MB
[w5] Memory reported by Node: 453576.84 MB
[w5] You might have inadvertently set the --memory flag of `docker run` to a value that is higher than the global Docker memory limit.
[w5] Using the lower amount of memory for calculation.
[w3] Detected differing memory amounts:
[w3] Memory reported by CGroup: 8796092828902.23 MB
[w3] Memory reported by /proc/meminfo: 453568.65 MB
[w3] Memory reported by Node: 453569.30 MB
[w3] You might have inadvertently set the --memory flag of `docker run` to a value that is higher than the global Docker memory limit.
[w3] Using the lower amount of memory for calculation.
[w7] Detected differing memory amounts:
[w7] Memory reported by CGroup: 8796092828879.89 MB
[w7] Memory reported by /proc/meminfo: 453543.53 MB
[w7] Memory reported by Node: 453544.51 MB
[w7] You might have inadvertently set the --memory flag of `docker run` to a value that is higher than the global Docker memory limit.
[w7] Using the lower amount of memory for calculation.
[w1] composition Explainer frames=11300 fps=30 1920x1080
[w1] Detected differing memory amounts:
[w1] Memory reported by CGroup: 8796092826362.40 MB
[w1] Memory reported by /proc/meminfo: 452267.27 MB
[w1] Memory reported by Node: 452267.27 MB
[w1] You might have inadvertently set the --memory flag of `docker run` to a value that is higher than the global Docker memory limit.
[w1] Using the lower amount of memory for calculation.
[w2] composition Explainer frames=11300 fps=30 1920x1080
[w4] composition Explainer frames=11300 fps=30 1920x1080
@@progress p001.mp4 0 354
[w2] Detected differing memory amounts:
[w2] Memory reported by CGroup: 8796092826457.84 MB
[w2] Memory reported by /proc/meminfo: 452348.86 MB
[w2] Memory reported by Node: 452349.59 MB
[w2] You might have inadvertently set the --memory flag of `docker run` to a value that is higher than the global Docker memory limit.
[w2] Using the lower amount of memory for calculation.
[w4] Detected differing memory amounts:
[w4] Memory reported by CGroup: 8796092826454.75 MB
[w4] Memory reported by /proc/meminfo: 452346.89 MB
[w4] Memory reported by Node: 452347.38 MB
[w4] You might have inadvertently set the --memory flag of `docker run` to a value that is higher than the global Docker memory limit.
[w4] Using the lower amount of memory for calculation.
[w1] Detected differing memory amounts:
[w1] Memory reported by CGroup: 8796092826371.79 MB
[w1] Memory reported by /proc/meminfo: 452291.18 MB
[w1] Memory reported by Node: 452292.16 MB
[w1] You might have inadvertently set the --memory flag of `docker run` to a value that is higher than the global Docker memory limit.
[w1] Using the lower amount of memory for calculation.
[w1] Detected differing memory amounts:
[w1] Memory reported by CGroup: 8796092826370.04 MB
[w1] Memory reported by /proc/meminfo: 452287.68 MB
[w1] Memory reported by Node: 452287.68 MB
[w1] You might have inadvertently set the --memory flag of `docker run` to a value that is higher than the global Docker memory limit.
[w1] Using the lower amount of memory for calculation.
@@progress p004.mp4 0 354
@@progress p002.mp4 0 354
[w6] composition Explainer frames=11300 fps=30 1920x1080
[w3] composition Explainer frames=11300 fps=30 1920x1080
[w6] Detected differing memory amounts:
[w6] Memory reported by CGroup: 8796092826367.49 MB
[w6] Memory reported by /proc/meminfo: 452281.48 MB
[w6] Memory reported by Node: 452281.48 MB
[w6] You might have inadvertently set the --memory flag of `docker run` to a value that is higher than the global Docker memory limit.
[w6] Using the lower amount of memory for calculation.
[w3] Detected differing memory amounts:
[w3] Memory reported by CGroup: 8796092826360.34 MB
[w3] Memory reported by /proc/meminfo: 452269.70 MB
[w3] Memory reported by Node: 452270.69 MB
[w3] You might have inadvertently set the --memory flag of `docker run` to a value that is higher than the global Docker memory limit.
[w3] Using the lower amount of memory for calculation.
[w7] composition Explainer frames=11300 fps=30 1920x1080
[w0] composition Explainer frames=11300 fps=30 1920x1080
[w4] Detected differing memory amounts:
[w4] Memory reported by CGroup: 8796092826373.73 MB
[w4] Memory reported by /proc/meminfo: 452281.98 MB
[w4] Memory reported by Node: 452281.98 MB
[w4] You might have inadvertently set the --memory flag of `docker run` to a value that is higher than the global Docker memory limit.
[w4] Using the lower amount of memory for calculation.
[w7] Detected differing memory amounts:
[w7] Memory reported by CGroup: 8796092826385.56 MB
[w7] Memory reported by /proc/meminfo: 452293.51 MB
[w7] Memory reported by Node: 452293.51 MB
[w7] You might have inadvertently set the --memory flag of `docker run` to a value that is higher than the global Docker memory limit.
[w7] Using the lower amount of memory for calculation.
[w5] composition Explainer frames=11300 fps=30 1920x1080
[w0] Detected differing memory amounts:
[w0] Memory reported by CGroup: 8796092826452.61 MB
[w0] Memory reported by /proc/meminfo: 452352.52 MB
[w0] Memory reported by Node: 452351.54 MB
[w0] You might have inadvertently set the --memory flag of `docker run` to a value that is higher than the global Docker memory limit.
[w0] Using the lower amount of memory for calculation.
[w2] Detected differing memory amounts:
[w2] Memory reported by CGroup: 8796092826492.02 MB
[w2] Memory reported by /proc/meminfo: 452399.76 MB
[w2] Memory reported by Node: 452398.28 MB
[w2] You might have inadvertently set the --memory flag of `docker run` to a value that is higher than the global Docker memory limit.
[w2] Using the lower amount of memory for calculation.
[w4] Detected differing memory amounts:
[w4] Memory reported by CGroup: 8796092826551.48 MB
[w4] Memory reported by /proc/meminfo: 452460.64 MB
[w4] Memory reported by Node: 452460.15 MB
[w4] You might have inadvertently set the --memory flag of `docker run` to a value that is higher than the global Docker memory limit.
[w4] Using the lower amount of memory for calculation.
[w5] Detected differing memory amounts:
@@progress p006.mp4 0 354
[w5] Memory reported by CGroup: 8796092826549.52 MB
[w5] Memory reported by /proc/meminfo: 452461.36 MB
[w5] Memory reported by Node: 452462.36 MB
[w5] You might have inadvertently set the --memory flag of `docker run` to a value that is higher than the global Docker memory limit.
[w5] Using the lower amount of memory for calculation.
@@progress p003.mp4 0 354
[w2] Detected differing memory amounts:
[w2] Memory reported by CGroup: 8796092826466.44 MB
[w2] Memory reported by /proc/meminfo: 452398.00 MB
[w2] Memory reported by Node: 452399.48 MB
[w2] You might have inadvertently set the --memory flag of `docker run` to a value that is higher than the global Docker memory limit.
[w2] Using the lower amount of memory for calculation.
@@progress p000.mp4 0 354
@@progress p007.mp4 0 347
[w3] Detected differing memory amounts:
[w3] Memory reported by CGroup: 8796092826259.00 MB
[w3] Memory reported by /proc/meminfo: 452198.19 MB
[w3] Memory reported by Node: 452197.81 MB
[w3] You might have inadvertently set the --memory flag of `docker run` to a value that is higher than the global Docker memory limit.
[w3] Using the lower amount of memory for calculation.
[w6] Detected differing memory amounts:
[w6] Memory reported by CGroup: 8796092826237.24 MB
[w6] Memory reported by /proc/meminfo: 452172.34 MB
[w6] Memory reported by Node: 452172.34 MB
[w6] You might have inadvertently set the --memory flag of `docker run` to a value that is higher than the global Docker memory limit.
[w6] Using the lower amount of memory for calculation.
[w6] Detected differing memory amounts:
[w6] Memory reported by CGroup: 8796092826226.77 MB
[w6] Memory reported by /proc/meminfo: 452163.26 MB
[w6] Memory reported by Node: 452164.24 MB
[w6] You might have inadvertently set the --memory flag of `docker run` to a value that is higher than the global Docker memory limit.
[w6] Using the lower amount of memory for calculation.
@@progress p005.mp4 0 354
[w3] Detected differing memory amounts:
[w3] Memory reported by CGroup: 8796092826093.65 MB
[w3] Memory reported by /proc/meminfo: 452041.90 MB
[w3] Memory reported by Node: 452043.41 MB
[w3] You might have inadvertently set the --memory flag of `docker run` to a value that is higher than the global Docker memory limit.
[w3] Using the lower amount of memory for calculation.
[w7] Detected differing memory amounts:
[w7] Memory reported by CGroup: 8796092825982.46 MB
[w7] Memory reported by /proc/meminfo: 451910.90 MB
[w7] Memory reported by Node: 451910.41 MB
[w7] You might have inadvertently set the --memory flag of `docker run` to a value that is higher than the global Docker memory limit.
[w7] Using the lower amount of memory for calculation.
[w0] Detected differing memory amounts:
[w0] Memory reported by CGroup: 8796092825927.19 MB
[w0] Memory reported by /proc/meminfo: 451854.70 MB
[w0] Memory reported by Node: 451854.70 MB
[w0] You might have inadvertently set the --memory flag of `docker run` to a value that is higher than the global Docker memory limit.
[w0] Using the lower amount of memory for calculation.
[w5] Detected differing memory amounts:
[w5] Memory reported by CGroup: 8796092825837.82 MB
[w5] Memory reported by /proc/meminfo: 451776.23 MB
[w5] Memory reported by Node: 451776.23 MB
[w5] You might have inadvertently set the --memory flag of `docker run` to a value that is higher than the global Docker memory limit.
[w5] Using the lower amount of memory for calculation.
[w7] Detected differing memory amounts:
[w7] Memory reported by CGroup: 8796092825817.55 MB
[w7] Memory reported by /proc/meminfo: 451756.86 MB
[w7] Memory reported by Node: 451756.86 MB
[w7] You might have inadvertently set the --memory flag of `docker run` to a value that is higher than the global Docker memory limit.
[w7] Using the lower amount of memory for calculation.
[w0] Detected differing memory amounts:
[w0] Memory reported by CGroup: 8796092825795.04 MB
[w0] Memory reported by /proc/meminfo: 451741.26 MB
[w0] Memory reported by Node: 451741.75 MB
[w0] You might have inadvertently set the --memory flag of `docker run` to a value that is higher than the global Docker memory limit.
[w0] Using the lower amount of memory for calculation.
[w5] Detected differing memory amounts:
[w5] Memory reported by CGroup: 8796092825770.21 MB
[w5] Memory reported by /proc/meminfo: 451711.11 MB
[w5] Memory reported by Node: 451711.11 MB
[w5] You might have inadvertently set the --memory flag of `docker run` to a value that is higher than the global Docker memory limit.
[w5] Using the lower amount of memory for calculation.
@@progress p003.mp4 10 354
@@progress p004.mp4 10 354
@@progress p005.mp4 10 354
@@progress p007.mp4 10 347
@@progress p002.mp4 10 354
@@progress p001.mp4 10 354
@@progress p000.mp4 10 354
@@progress p006.mp4 10 354
@@progress p003.mp4 20 354
@@progress p004.mp4 20 354
@@progress p007.mp4 20 347
@@progress p002.mp4 20 354
@@progress p005.mp4 20 354
@@progress p001.mp4 20 354
@@progress p003.mp4 30 354
@@progress p000.mp4 20 354
@@progress p004.mp4 30 354
@@progress p006.mp4 20 354
@@progress p007.mp4 30 347
@@progress p002.mp4 30 354
@@progress p003.mp4 40 354
@@progress p001.mp4 30 354
@@progress p005.mp4 30 354
@@progress p000.mp4 30 354
@@progress p004.mp4 40 354
@@progress p003.mp4 50 354
@@progress p006.mp4 30 354
@@progress p002.mp4 40 354
@@progress p007.mp4 40 347
@@progress p004.mp4 50 354
@@progress p000.mp4 40 354
@@progress p001.mp4 40 354
@@progress p005.mp4 40 354
@@progress p003.mp4 60 354
@@progress p007.mp4 50 347
@@progress p002.mp4 50 354
@@progress p006.mp4 40 354
@@progress p004.mp4 60 354
@@progress p003.mp4 70 354
@@progress p001.mp4 50 354
@@progress p000.mp4 50 354
@@progress p005.mp4 50 354
@@progress p002.mp4 60 354
@@progress p007.mp4 60 347
@@progress p004.mp4 70 354
@@progress p003.mp4 80 354
@@progress p006.mp4 50 354
@@progress p001.mp4 60 354
@@progress p000.mp4 60 354
@@progress p002.mp4 70 354
@@progress p007.mp4 70 347
@@progress p005.mp4 60 354
@@progress p004.mp4 80 354
@@progress p003.mp4 90 354
@@progress p001.mp4 70 354
@@progress p006.mp4 60 354
@@progress p004.mp4 90 354
@@progress p002.mp4 80 354
@@progress p003.mp4 100 354
@@progress p007.mp4 80 347
@@progress p000.mp4 70 354
@@progress p005.mp4 70 354
@@progress p003.mp4 110 354
@@progress p001.mp4 80 354
@@progress p004.mp4 100 354
@@progress p002.mp4 90 354
@@progress p007.mp4 90 347
@@progress p006.mp4 70 354
@@progress p000.mp4 80 354
@@progress p005.mp4 80 354
@@progress p003.mp4 120 354
@@progress p001.mp4 90 354
@@progress p004.mp4 110 354
@@progress p002.mp4 100 354
@@progress p007.mp4 100 347
@@progress p000.mp4 90 354
@@progress p003.mp4 130 354
@@progress p006.mp4 80 354
@@progress p005.mp4 90 354
@@progress p004.mp4 120 354
@@progress p001.mp4 100 354
@@progress p007.mp4 110 347
@@progress p002.mp4 110 354
@@progress p003.mp4 140 354
@@progress p000.mp4 100 354
@@progress p004.mp4 130 354
@@progress p001.mp4 110 354
@@progress p006.mp4 90 354
@@progress p005.mp4 100 354
@@progress p002.mp4 120 354
@@progress p003.mp4 150 354
@@progress p007.mp4 120 347
@@progress p004.mp4 140 354
@@progress p000.mp4 110 354
@@progress p001.mp4 120 354
@@progress p003.mp4 160 354
@@progress p002.mp4 130 354
@@progress p007.mp4 130 347
@@progress p006.mp4 100 354
@@progress p005.mp4 110 354
@@progress p004.mp4 150 354
@@progress p003.mp4 170 354
@@progress p001.mp4 130 354
@@progress p000.mp4 120 354
@@progress p002.mp4 140 354
@@progress p007.mp4 140 347
@@progress p005.mp4 120 354
@@progress p006.mp4 110 354
@@progress p003.mp4 180 354
@@progress p004.mp4 160 354
@@progress p001.mp4 140 354
@@progress p000.mp4 130 354
@@progress p002.mp4 150 354
@@progress p007.mp4 150 347
@@progress p003.mp4 190 354
@@progress p004.mp4 170 354
@@progress p005.mp4 130 354
@@progress p001.mp4 150 354
@@progress p006.mp4 120 354
@@progress p000.mp4 140 354
@@progress p003.mp4 200 354
@@progress p002.mp4 160 354
@@progress p007.mp4 160 347
@@progress p004.mp4 180 354
@@progress p001.mp4 160 354
@@progress p005.mp4 140 354
@@progress p003.mp4 210 354
@@progress p006.mp4 130 354
@@progress p002.mp4 170 354
@@progress p007.mp4 170 347
@@progress p000.mp4 150 354
@@progress p004.mp4 190 354
@@progress p003.mp4 220 354
@@progress p001.mp4 170 354
@@progress p005.mp4 150 354
@@progress p002.mp4 180 354
@@progress p004.mp4 200 354
@@progress p007.mp4 180 347
@@progress p000.mp4 160 354
@@progress p006.mp4 140 354
@@progress p003.mp4 230 354
@@progress p001.mp4 180 354
@@progress p004.mp4 210 354
@@progress p007.mp4 190 347
@@progress p002.mp4 190 354
@@progress p005.mp4 160 354
@@progress p003.mp4 240 354
@@progress p000.mp4 170 354
@@progress p001.mp4 190 354
@@progress p006.mp4 150 354
@@progress p004.mp4 220 354
@@progress p003.mp4 250 354
@@progress p007.mp4 200 347
@@progress p002.mp4 200 354
@@progress p005.mp4 170 354
@@progress p000.mp4 180 354
@@progress p001.mp4 200 354
@@progress p004.mp4 230 354
@@progress p003.mp4 260 354
@@progress p002.mp4 210 354
@@progress p006.mp4 160 354
@@progress p007.mp4 210 347
@@progress p001.mp4 210 354
@@progress p005.mp4 180 354
@@progress p004.mp4 240 354
@@progress p000.mp4 190 354
@@progress p003.mp4 270 354
@@progress p002.mp4 220 354
@@progress p007.mp4 220 347
@@progress p006.mp4 170 354
@@progress p001.mp4 220 354
@@progress p004.mp4 250 354
@@progress p003.mp4 280 354
@@progress p005.mp4 190 354
@@progress p000.mp4 200 354
@@progress p002.mp4 230 354
@@progress p007.mp4 230 347
@@progress p004.mp4 260 354
@@progress p003.mp4 290 354
@@progress p001.mp4 230 354
@@progress p006.mp4 180 354
@@progress p005.mp4 200 354
@@progress p002.mp4 240 354
@@progress p007.mp4 240 347
@@progress p000.mp4 210 354
@@progress p004.mp4 270 354
@@progress p003.mp4 300 354
@@progress p001.mp4 240 354
@@progress p007.mp4 250 347
@@progress p002.mp4 250 354
@@progress p006.mp4 190 354
@@progress p004.mp4 280 354
@@progress p005.mp4 210 354
@@progress p003.mp4 310 354
@@progress p000.mp4 220 354
@@progress p001.mp4 250 354
@@progress p007.mp4 260 347
@@progress p002.mp4 260 354
@@progress p004.mp4 290 354
@@progress p003.mp4 320 354
@@progress p005.mp4 220 354
@@progress p006.mp4 200 354
@@progress p001.mp4 260 354
@@progress p000.mp4 230 354
@@progress p007.mp4 270 347
@@progress p002.mp4 270 354
@@progress p004.mp4 300 354
@@progress p003.mp4 330 354
@@progress p007.mp4 280 347
@@progress p001.mp4 270 354
@@progress p005.mp4 230 354
@@progress p006.mp4 210 354
@@progress p000.mp4 240 354
@@progress p004.mp4 310 354
@@progress p003.mp4 340 354
@@progress p002.mp4 280 354
@@progress p007.mp4 290 347
@@progress p001.mp4 280 354
@@progress p003.mp4 350 354
@@progress p004.mp4 320 354
@@progress p005.mp4 240 354
@@progress p002.mp4 290 354
@@progress p000.mp4 250 354
@@progress p006.mp4 220 354
@@progress p003.mp4 354 354
@@progress p003.mp4 354 354
@@progress p003.mp4 354 354
@@progress p003.mp4 354 354
chunk p003.mp4 frames 6712-7065 done 154.1s
@@done p003.mp4
[w3] all done 156.3s
@@progress p007.mp4 300 347
@@progress p001.mp4 290 354
@@progress p004.mp4 330 354
@@progress p002.mp4 300 354
@@progress p005.mp4 250 354
@@progress p000.mp4 260 354
@@progress p007.mp4 310 347
@@progress p006.mp4 230 354
@@progress p001.mp4 300 354
@@progress p004.mp4 340 354
@@progress p002.mp4 310 354
@@progress p007.mp4 320 347
@@progress p005.mp4 260 354
@@progress p000.mp4 270 354
@@progress p001.mp4 310 354
@@progress p002.mp4 320 354
@@progress p004.mp4 350 354
@@progress p006.mp4 240 354
@@progress p007.mp4 330 347
@@progress p004.mp4 354 354
@@progress p004.mp4 354 354
@@progress p004.mp4 354 354
chunk p004.mp4 frames 7066-7419 done 165.6s
@@done p004.mp4
[w4] all done 167.8s
@@progress p002.mp4 330 354
@@progress p005.mp4 270 354
@@progress p000.mp4 280 354
@@progress p001.mp4 320 354
@@progress p007.mp4 340 347
@@progress p006.mp4 250 354
@@progress p002.mp4 340 354
@@progress p007.mp4 347 347
@@progress p007.mp4 347 347
@@progress p007.mp4 347 347
chunk p007.mp4 frames 8128-8474 done 169.1s
@@done p007.mp4
[w7] all done 171.3s
@@progress p001.mp4 330 354
@@progress p005.mp4 280 354
@@progress p000.mp4 290 354
@@progress p002.mp4 350 354
@@progress p002.mp4 354 354
@@progress p002.mp4 354 354
@@progress p006.mp4 260 354
@@progress p002.mp4 354 354
chunk p002.mp4 frames 6358-6711 done 171.5s
@@done p002.mp4
[w2] all done 173.7s
@@progress p001.mp4 340 354
@@progress p005.mp4 290 354
@@progress p000.mp4 300 354
@@progress p001.mp4 350 354
@@progress p006.mp4 270 354
@@progress p001.mp4 354 354
@@progress p001.mp4 354 354
@@progress p001.mp4 354 354
chunk p001.mp4 frames 6004-6357 done 175.2s
@@done p001.mp4
[w1] all done 177.4s
@@progress p005.mp4 300 354
@@progress p000.mp4 310 354
@@progress p006.mp4 280 354
@@progress p005.mp4 310 354
@@progress p000.mp4 320 354
@@progress p005.mp4 320 354
@@progress p006.mp4 290 354
@@progress p000.mp4 330 354
@@progress p005.mp4 330 354
@@progress p000.mp4 340 354
@@progress p006.mp4 300 354
@@progress p005.mp4 340 354
@@progress p000.mp4 350 354
@@progress p006.mp4 310 354
@@progress p000.mp4 354 354
@@progress p000.mp4 354 354
@@progress p000.mp4 354 354
@@progress p000.mp4 354 354
chunk p000.mp4 frames 5650-6003 done 186.7s
@@done p000.mp4
[w0] all done 188.9s
@@progress p005.mp4 350 354
@@progress p005.mp4 354 354
@@progress p005.mp4 354 354
@@progress p005.mp4 354 354
chunk p005.mp4 frames 7420-7773 done 188.9s
@@done p005.mp4
[w5] all done 191.2s
@@progress p006.mp4 320 354
@@progress p006.mp4 330 354
@@progress p006.mp4 340 354
@@progress p006.mp4 350 354
@@progress p006.mp4 354 354
@@progress p006.mp4 354 354
@@progress p006.mp4 354 354
chunk p006.mp4 frames 7774-8127 done 197.9s
@@done p006.mp4
[w6] all done 200.1s
all done
