workers: 8 processes x concurrency 2 (8 tasks, 2825 frames)
bundle ok 5.5s (shared by 8 processes)
[w0] fonts: private fontconfig; monospace -> DejaVu Sans Mono (/srv/openmontage-render/jobs/v4-final-4x8-3/work/composer/render-fonts/DejaVuSansMono.ttf); sans-serif -> DejaVu Sans (/srv/openmontage-render/jobs/v4-final-4x8-3/work/composer/render-fonts/DejaVuSans.ttf)
[w0] Detected differing memory amounts:
[w0] Memory reported by CGroup: 8796092830597.21 MB
[w0] Memory reported by /proc/meminfo: 455380.55 MB
[w0] Memory reported by Node: 455381.54 MB
[w0] You might have inadvertently set the --memory flag of `docker run` to a value that is higher than the global Docker memory limit.
[w0] Using the lower amount of memory for calculation.
[w1] fonts: private fontconfig; monospace -> DejaVu Sans Mono (/srv/openmontage-render/jobs/v4-final-4x8-3/work/composer/render-fonts/DejaVuSansMono.ttf); sans-serif -> DejaVu Sans (/srv/openmontage-render/jobs/v4-final-4x8-3/work/composer/render-fonts/DejaVuSans.ttf)
[w1] Detected differing memory amounts:
[w1] Memory reported by CGroup: 8796092830570.68 MB
[w1] Memory reported by /proc/meminfo: 455332.39 MB
[w1] Memory reported by Node: 455331.89 MB
[w1] You might have inadvertently set the --memory flag of `docker run` to a value that is higher than the global Docker memory limit.
[w1] Using the lower amount of memory for calculation.
[w2] fonts: private fontconfig; monospace -> DejaVu Sans Mono (/srv/openmontage-render/jobs/v4-final-4x8-3/work/composer/render-fonts/DejaVuSansMono.ttf); sans-serif -> DejaVu Sans (/srv/openmontage-render/jobs/v4-final-4x8-3/work/composer/render-fonts/DejaVuSans.ttf)
[w2] Detected differing memory amounts:
[w2] Memory reported by CGroup: 8796092830558.32 MB
[w2] Memory reported by /proc/meminfo: 455317.83 MB
[w2] Memory reported by Node: 455317.83 MB
[w2] You might have inadvertently set the --memory flag of `docker run` to a value that is higher than the global Docker memory limit.
[w2] Using the lower amount of memory for calculation.
[w4] fonts: private fontconfig; monospace -> DejaVu Sans Mono (/srv/openmontage-render/jobs/v4-final-4x8-3/work/composer/render-fonts/DejaVuSansMono.ttf); sans-serif -> DejaVu Sans (/srv/openmontage-render/jobs/v4-final-4x8-3/work/composer/render-fonts/DejaVuSans.ttf)
[w4] Detected differing memory amounts:
[w4] Memory reported by CGroup: 8796092830546.59 MB
[w4] Memory reported by /proc/meminfo: 455297.20 MB
[w4] Memory reported by Node: 455298.92 MB
[w4] You might have inadvertently set the --memory flag of `docker run` to a value that is higher than the global Docker memory limit.
[w4] Using the lower amount of memory for calculation.
[w3] fonts: private fontconfig; monospace -> DejaVu Sans Mono (/srv/openmontage-render/jobs/v4-final-4x8-3/work/composer/render-fonts/DejaVuSansMono.ttf); sans-serif -> DejaVu Sans (/srv/openmontage-render/jobs/v4-final-4x8-3/work/composer/render-fonts/DejaVuSans.ttf)
[w3] Detected differing memory amounts:
[w3] Memory reported by CGroup: 8796092830528.90 MB
[w3] Memory reported by /proc/meminfo: 455277.29 MB
[w3] Memory reported by Node: 455278.78 MB
[w3] You might have inadvertently set the --memory flag of `docker run` to a value that is higher than the global Docker memory limit.
[w3] Using the lower amount of memory for calculation.
[w6] fonts: private fontconfig; monospace -> DejaVu Sans Mono (/srv/openmontage-render/jobs/v4-final-4x8-3/work/composer/render-fonts/DejaVuSansMono.ttf); sans-serif -> DejaVu Sans (/srv/openmontage-render/jobs/v4-final-4x8-3/work/composer/render-fonts/DejaVuSans.ttf)
[w6] Detected differing memory amounts:
[w6] Memory reported by CGroup: 8796092830491.85 MB
[w6] Memory reported by /proc/meminfo: 455240.81 MB
[w6] Memory reported by Node: 455241.80 MB
[w6] You might have inadvertently set the --memory flag of `docker run` to a value that is higher than the global Docker memory limit.
[w6] Using the lower amount of memory for calculation.
[w5] fonts: private fontconfig; monospace -> DejaVu Sans Mono (/srv/openmontage-render/jobs/v4-final-4x8-3/work/composer/render-fonts/DejaVuSansMono.ttf); sans-serif -> DejaVu Sans (/srv/openmontage-render/jobs/v4-final-4x8-3/work/composer/render-fonts/DejaVuSans.ttf)
[w7] fonts: private fontconfig; monospace -> DejaVu Sans Mono (/srv/openmontage-render/jobs/v4-final-4x8-3/work/composer/render-fonts/DejaVuSansMono.ttf); sans-serif -> DejaVu Sans (/srv/openmontage-render/jobs/v4-final-4x8-3/work/composer/render-fonts/DejaVuSans.ttf)
[w7] Detected differing memory amounts:
[w7] Memory reported by CGroup: 8796092830427.18 MB
[w7] Memory reported by /proc/meminfo: 455164.66 MB
[w7] Memory reported by Node: 455164.66 MB
[w7] You might have inadvertently set the --memory flag of `docker run` to a value that is higher than the global Docker memory limit.
[w7] Using the lower amount of memory for calculation.
[w5] Detected differing memory amounts:
[w5] Memory reported by CGroup: 8796092830419.38 MB
[w5] Memory reported by /proc/meminfo: 455152.95 MB
[w5] Memory reported by Node: 455153.49 MB
[w5] You might have inadvertently set the --memory flag of `docker run` to a value that is higher than the global Docker memory limit.
[w5] Using the lower amount of memory for calculation.
[w0] Detected differing memory amounts:
[w0] Memory reported by CGroup: 8796092829676.54 MB
[w0] Memory reported by /proc/meminfo: 454367.06 MB
[w0] Memory reported by Node: 454367.56 MB
[w0] You might have inadvertently set the --memory flag of `docker run` to a value that is higher than the global Docker memory limit.
[w0] Using the lower amount of memory for calculation.
[w1] Detected differing memory amounts:
[w1] Memory reported by CGroup: 8796092829436.80 MB
[w1] Memory reported by /proc/meminfo: 454115.98 MB
[w1] Memory reported by Node: 454116.48 MB
[w1] You might have inadvertently set the --memory flag of `docker run` to a value that is higher than the global Docker memory limit.
[w1] Using the lower amount of memory for calculation.
[w2] Detected differing memory amounts:
[w2] Memory reported by CGroup: 8796092829421.95 MB
[w2] Memory reported by /proc/meminfo: 454103.32 MB
[w2] Memory reported by Node: 454103.32 MB
[w2] You might have inadvertently set the --memory flag of `docker run` to a value that is higher than the global Docker memory limit.
[w2] Using the lower amount of memory for calculation.
[w3] Detected differing memory amounts:
[w3] Memory reported by CGroup: 8796092829380.83 MB
[w3] Memory reported by /proc/meminfo: 454047.91 MB
[w3] Memory reported by Node: 454047.91 MB
[w3] You might have inadvertently set the --memory flag of `docker run` to a value that is higher than the global Docker memory limit.
[w3] Using the lower amount of memory for calculation.
[w4] Detected differing memory amounts:
[w4] Memory reported by CGroup: 8796092829380.01 MB
[w4] Memory reported by /proc/meminfo: 454051.17 MB
[w4] Memory reported by Node: 454051.17 MB
[w4] You might have inadvertently set the --memory flag of `docker run` to a value that is higher than the global Docker memory limit.
[w4] Using the lower amount of memory for calculation.
[w6] Detected differing memory amounts:
[w6] Memory reported by CGroup: 8796092828927.38 MB
[w6] Memory reported by /proc/meminfo: 453595.65 MB
[w6] Memory reported by Node: 453595.65 MB
[w6] You might have inadvertently set the --memory flag of `docker run` to a value that is higher than the global Docker memory limit.
[w6] Using the lower amount of memory for calculation.
[w7] Detected differing memory amounts:
[w7] Memory reported by CGroup: 8796092828916.71 MB
[w7] Memory reported by /proc/meminfo: 453587.05 MB
[w7] Memory reported by Node: 453587.54 MB
[w7] You might have inadvertently set the --memory flag of `docker run` to a value that is higher than the global Docker memory limit.
[w7] Using the lower amount of memory for calculation.
[w5] Detected differing memory amounts:
[w5] Memory reported by CGroup: 8796092828865.51 MB
[w5] Memory reported by /proc/meminfo: 453531.38 MB
[w5] Memory reported by Node: 453532.36 MB
[w5] You might have inadvertently set the --memory flag of `docker run` to a value that is higher than the global Docker memory limit.
[w5] Using the lower amount of memory for calculation.
[w0] composition Explainer frames=11300 fps=30 1920x1080
[w0] Detected differing memory amounts:
[w0] Memory reported by CGroup: 8796092826370.43 MB
[w0] Memory reported by /proc/meminfo: 452262.30 MB
[w0] Memory reported by Node: 452261.80 MB
[w0] You might have inadvertently set the --memory flag of `docker run` to a value that is higher than the global Docker memory limit.
[w0] Using the lower amount of memory for calculation.
[w1] composition Explainer frames=11300 fps=30 1920x1080
[w1] Detected differing memory amounts:
[w1] Memory reported by CGroup: 8796092826376.61 MB
[w1] Memory reported by /proc/meminfo: 452274.96 MB
[w1] Memory reported by Node: 452275.46 MB
[w1] You might have inadvertently set the --memory flag of `docker run` to a value that is higher than the global Docker memory limit.
[w1] Using the lower amount of memory for calculation.
@@progress p001.mp4 0 354
@@progress p000.mp4 0 354
[w2] composition Explainer frames=11300 fps=30 1920x1080
[w2] Detected differing memory amounts:
[w2] Memory reported by CGroup: 8796092826386.07 MB
[w2] Memory reported by /proc/meminfo: 452297.34 MB
[w2] Memory reported by Node: 452297.88 MB
[w2] You might have inadvertently set the --memory flag of `docker run` to a value that is higher than the global Docker memory limit.
[w2] Using the lower amount of memory for calculation.
[w1] Detected differing memory amounts:
[w1] Memory reported by CGroup: 8796092826421.54 MB
[w1] Memory reported by /proc/meminfo: 452314.52 MB
[w1] Memory reported by Node: 452314.03 MB
[w1] You might have inadvertently set the --memory flag of `docker run` to a value that is higher than the global Docker memory limit.
[w1] Using the lower amount of memory for calculation.
[w4] composition Explainer frames=11300 fps=30 1920x1080
[w0] Detected differing memory amounts:
[w0] Memory reported by CGroup: 8796092826507.50 MB
[w0] Memory reported by /proc/meminfo: 452399.21 MB
[w0] Memory reported by Node: 452399.21 MB
[w0] You might have inadvertently set the --memory flag of `docker run` to a value that is higher than the global Docker memory limit.
[w0] Using the lower amount of memory for calculation.
[w0] Detected differing memory amounts:
[w0] Memory reported by CGroup: 8796092826502.77 MB
[w0] Memory reported by /proc/meminfo: 452397.95 MB
[w0] Memory reported by Node: 452397.95 MB
[w0] You might have inadvertently set the --memory flag of `docker run` to a value that is higher than the global Docker memory limit.
[w0] Using the lower amount of memory for calculation.
[w4] Detected differing memory amounts:
[w4] Memory reported by CGroup: 8796092826486.95 MB
[w4] Memory reported by /proc/meminfo: 452386.59 MB
[w4] Memory reported by Node: 452387.17 MB
[w4] You might have inadvertently set the --memory flag of `docker run` to a value that is higher than the global Docker memory limit.
[w4] Using the lower amount of memory for calculation.
[w1] Detected differing memory amounts:
[w1] Memory reported by CGroup: 8796092826495.75 MB
[w1] Memory reported by /proc/meminfo: 452399.32 MB
[w1] Memory reported by Node: 452399.32 MB
[w1] You might have inadvertently set the --memory flag of `docker run` to a value that is higher than the global Docker memory limit.
[w1] Using the lower amount of memory for calculation.
@@progress p002.mp4 0 354
@@progress p004.mp4 0 354
[w7] composition Explainer frames=11300 fps=30 1920x1080
[w3] composition Explainer frames=11300 fps=30 1920x1080
[w7] Detected differing memory amounts:
[w7] Memory reported by CGroup: 8796092826361.96 MB
[w7] Memory reported by /proc/meminfo: 452275.26 MB
[w7] Memory reported by Node: 452275.26 MB
[w7] You might have inadvertently set the --memory flag of `docker run` to a value that is higher than the global Docker memory limit.
[w7] Using the lower amount of memory for calculation.
[w3] Detected differing memory amounts:
[w3] Memory reported by CGroup: 8796092826357.28 MB
[w3] Memory reported by /proc/meminfo: 452274.47 MB
[w3] Memory reported by Node: 452275.03 MB
[w3] You might have inadvertently set the --memory flag of `docker run` to a value that is higher than the global Docker memory limit.
[w3] Using the lower amount of memory for calculation.
[w6] composition Explainer frames=11300 fps=30 1920x1080
[w6] Detected differing memory amounts:
[w6] Memory reported by CGroup: 8796092826361.61 MB
[w6] Memory reported by /proc/meminfo: 452266.72 MB
[w6] Memory reported by Node: 452265.74 MB
[w6] You might have inadvertently set the --memory flag of `docker run` to a value that is higher than the global Docker memory limit.
[w6] Using the lower amount of memory for calculation.
[w2] Detected differing memory amounts:
[w2] Memory reported by CGroup: 8796092826362.79 MB
[w2] Memory reported by /proc/meminfo: 452270.82 MB
[w2] Memory reported by Node: 452270.82 MB
[w2] You might have inadvertently set the --memory flag of `docker run` to a value that is higher than the global Docker memory limit.
[w2] Using the lower amount of memory for calculation.
[w5] composition Explainer frames=11300 fps=30 1920x1080
[w2] Detected differing memory amounts:
[w2] Memory reported by CGroup: 8796092826403.86 MB
[w2] Memory reported by /proc/meminfo: 452307.14 MB
[w2] Memory reported by Node: 452307.14 MB
[w2] You might have inadvertently set the --memory flag of `docker run` to a value that is higher than the global Docker memory limit.
[w2] Using the lower amount of memory for calculation.
[w5] Detected differing memory amounts:
[w5] Memory reported by CGroup: 8796092826462.25 MB
[w5] Memory reported by /proc/meminfo: 452366.78 MB
[w5] Memory reported by Node: 452365.81 MB
[w5] You might have inadvertently set the --memory flag of `docker run` to a value that is higher than the global Docker memory limit.
[w5] Using the lower amount of memory for calculation.
[w4] Detected differing memory amounts:
[w4] Memory reported by CGroup: 8796092826531.02 MB
[w4] Memory reported by /proc/meminfo: 452445.18 MB
[w4] Memory reported by Node: 452445.68 MB
[w4] You might have inadvertently set the --memory flag of `docker run` to a value that is higher than the global Docker memory limit.
[w4] Using the lower amount of memory for calculation.
[w4] Detected differing memory amounts:
[w4] Memory reported by CGroup: 8796092826503.51 MB
[w4] Memory reported by /proc/meminfo: 452422.94 MB
[w4] Memory reported by Node: 452422.94 MB
[w4] You might have inadvertently set the --memory flag of `docker run` to a value that is higher than the global Docker memory limit.
[w4] Using the lower amount of memory for calculation.
@@progress p003.mp4 0 354
@@progress p007.mp4 0 347
@@progress p006.mp4 0 354
@@progress p005.mp4 0 354
[w3] Detected differing memory amounts:
[w3] Memory reported by CGroup: 8796092826097.41 MB
[w3] Memory reported by /proc/meminfo: 452051.35 MB
[w3] Memory reported by Node: 452051.35 MB
[w3] You might have inadvertently set the --memory flag of `docker run` to a value that is higher than the global Docker memory limit.
[w3] Using the lower amount of memory for calculation.
[w3] Detected differing memory amounts:
[w3] Memory reported by CGroup: 8796092826093.28 MB
[w3] Memory reported by /proc/meminfo: 452042.39 MB
[w3] Memory reported by Node: 452041.90 MB
[w3] You might have inadvertently set the --memory flag of `docker run` to a value that is higher than the global Docker memory limit.
[w3] Using the lower amount of memory for calculation.
[w7] Detected differing memory amounts:
[w7] Memory reported by CGroup: 8796092826068.23 MB
[w7] Memory reported by /proc/meminfo: 452013.77 MB
[w7] Memory reported by Node: 452014.26 MB
[w7] You might have inadvertently set the --memory flag of `docker run` to a value that is higher than the global Docker memory limit.
[w7] Using the lower amount of memory for calculation.
[w6] Detected differing memory amounts:
[w6] Memory reported by CGroup: 8796092826000.91 MB
[w6] Memory reported by /proc/meminfo: 451936.63 MB
[w6] Memory reported by Node: 451936.63 MB
[w6] You might have inadvertently set the --memory flag of `docker run` to a value that is higher than the global Docker memory limit.
[w6] Using the lower amount of memory for calculation.
[w7] Detected differing memory amounts:
[w7] Memory reported by CGroup: 8796092825965.86 MB
[w7] Memory reported by /proc/meminfo: 451897.82 MB
[w7] Memory reported by Node: 451897.82 MB
[w7] You might have inadvertently set the --memory flag of `docker run` to a value that is higher than the global Docker memory limit.
[w7] Using the lower amount of memory for calculation.
[w6] Detected differing memory amounts:
[w6] Memory reported by CGroup: 8796092825962.02 MB
[w6] Memory reported by /proc/meminfo: 451887.86 MB
[w6] Memory reported by Node: 451887.86 MB
[w6] You might have inadvertently set the --memory flag of `docker run` to a value that is higher than the global Docker memory limit.
[w6] Using the lower amount of memory for calculation.
[w5] Detected differing memory amounts:
[w5] Memory reported by CGroup: 8796092825870.75 MB
[w5] Memory reported by /proc/meminfo: 451798.95 MB
[w5] Memory reported by Node: 451798.46 MB
[w5] You might have inadvertently set the --memory flag of `docker run` to a value that is higher than the global Docker memory limit.
[w5] Using the lower amount of memory for calculation.
[w5] Detected differing memory amounts:
[w5] Memory reported by CGroup: 8796092825812.61 MB
[w5] Memory reported by /proc/meminfo: 451754.83 MB
[w5] Memory reported by Node: 451753.85 MB
[w5] You might have inadvertently set the --memory flag of `docker run` to a value that is higher than the global Docker memory limit.
[w5] Using the lower amount of memory for calculation.
@@progress p002.mp4 10 354
@@progress p005.mp4 10 354
@@progress p001.mp4 10 354
@@progress p000.mp4 10 354
@@progress p007.mp4 10 347
@@progress p006.mp4 10 354
@@progress p004.mp4 10 354
@@progress p003.mp4 10 354
@@progress p002.mp4 20 354
@@progress p005.mp4 20 354
@@progress p000.mp4 20 354
@@progress p007.mp4 20 347
@@progress p001.mp4 20 354
@@progress p006.mp4 20 354
@@progress p002.mp4 30 354
@@progress p005.mp4 30 354
@@progress p007.mp4 30 347
@@progress p001.mp4 30 354
@@progress p000.mp4 30 354
@@progress p006.mp4 30 354
@@progress p004.mp4 20 354
@@progress p003.mp4 20 354
@@progress p002.mp4 40 354
@@progress p005.mp4 40 354
@@progress p007.mp4 40 347
@@progress p001.mp4 40 354
@@progress p000.mp4 40 354
@@progress p006.mp4 40 354
@@progress p005.mp4 50 354
@@progress p002.mp4 50 354
@@progress p004.mp4 30 354
@@progress p003.mp4 30 354
@@progress p007.mp4 50 347
@@progress p001.mp4 50 354
@@progress p000.mp4 50 354
@@progress p006.mp4 50 354
@@progress p005.mp4 60 354
@@progress p002.mp4 60 354
@@progress p007.mp4 60 347
@@progress p001.mp4 60 354
@@progress p000.mp4 60 354
@@progress p006.mp4 60 354
@@progress p004.mp4 40 354
@@progress p005.mp4 70 354
@@progress p003.mp4 40 354
@@progress p002.mp4 70 354
@@progress p001.mp4 70 354
@@progress p007.mp4 70 347
@@progress p000.mp4 70 354
@@progress p006.mp4 70 354
@@progress p005.mp4 80 354
@@progress p002.mp4 80 354
@@progress p001.mp4 80 354
@@progress p004.mp4 50 354
@@progress p003.mp4 50 354
@@progress p007.mp4 80 347
@@progress p000.mp4 80 354
@@progress p005.mp4 90 354
@@progress p006.mp4 80 354
@@progress p002.mp4 90 354
@@progress p001.mp4 90 354
@@progress p007.mp4 90 347
@@progress p005.mp4 100 354
@@progress p000.mp4 90 354
@@progress p006.mp4 90 354
@@progress p004.mp4 60 354
@@progress p003.mp4 60 354
@@progress p001.mp4 100 354
@@progress p002.mp4 100 354
@@progress p007.mp4 100 347
@@progress p005.mp4 110 354
@@progress p000.mp4 100 354
@@progress p006.mp4 100 354
@@progress p001.mp4 110 354
@@progress p002.mp4 110 354
@@progress p003.mp4 70 354
@@progress p007.mp4 110 347
@@progress p004.mp4 70 354
@@progress p005.mp4 120 354
@@progress p000.mp4 110 354
@@progress p006.mp4 110 354
@@progress p001.mp4 120 354
@@progress p002.mp4 120 354
@@progress p007.mp4 120 347
@@progress p005.mp4 130 354
@@progress p000.mp4 120 354
@@progress p006.mp4 120 354
@@progress p001.mp4 130 354
@@progress p003.mp4 80 354
@@progress p004.mp4 80 354
@@progress p002.mp4 130 354
@@progress p007.mp4 130 347
@@progress p005.mp4 140 354
@@progress p000.mp4 130 354
@@progress p001.mp4 140 354
@@progress p006.mp4 130 354
@@progress p002.mp4 140 354
@@progress p007.mp4 140 347
@@progress p004.mp4 90 354
@@progress p003.mp4 90 354
@@progress p005.mp4 150 354
@@progress p000.mp4 140 354
@@progress p001.mp4 150 354
@@progress p006.mp4 140 354
@@progress p002.mp4 150 354
@@progress p007.mp4 150 347
@@progress p005.mp4 160 354
@@progress p000.mp4 150 354
@@progress p001.mp4 160 354
@@progress p006.mp4 150 354
@@progress p004.mp4 100 354
@@progress p003.mp4 100 354
@@progress p002.mp4 160 354
@@progress p007.mp4 160 347
@@progress p005.mp4 170 354
@@progress p001.mp4 170 354
@@progress p000.mp4 160 354
@@progress p006.mp4 160 354
@@progress p002.mp4 170 354
@@progress p007.mp4 170 347
@@progress p004.mp4 110 354
@@progress p003.mp4 110 354
@@progress p001.mp4 180 354
@@progress p005.mp4 180 354
@@progress p000.mp4 170 354
@@progress p006.mp4 170 354
@@progress p002.mp4 180 354
@@progress p007.mp4 180 347
@@progress p001.mp4 190 354
@@progress p005.mp4 190 354
@@progress p000.mp4 180 354
@@progress p006.mp4 180 354
@@progress p004.mp4 120 354
@@progress p002.mp4 190 354
@@progress p003.mp4 120 354
@@progress p007.mp4 190 347
@@progress p001.mp4 200 354
@@progress p005.mp4 200 354
@@progress p000.mp4 190 354
@@progress p006.mp4 190 354
@@progress p002.mp4 200 354
@@progress p007.mp4 200 347
@@progress p001.mp4 210 354
@@progress p004.mp4 130 354
@@progress p005.mp4 210 354
@@progress p003.mp4 130 354
@@progress p000.mp4 200 354
@@progress p006.mp4 200 354
@@progress p002.mp4 210 354
@@progress p007.mp4 210 347
@@progress p001.mp4 220 354
@@progress p005.mp4 220 354
@@progress p000.mp4 210 354
@@progress p004.mp4 140 354
@@progress p006.mp4 210 354
@@progress p002.mp4 220 354
@@progress p003.mp4 140 354
@@progress p007.mp4 220 347
@@progress p001.mp4 230 354
@@progress p005.mp4 230 354
@@progress p000.mp4 220 354
@@progress p006.mp4 220 354
@@progress p002.mp4 230 354
@@progress p001.mp4 240 354
@@progress p004.mp4 150 354
@@progress p007.mp4 230 347
@@progress p005.mp4 240 354
@@progress p003.mp4 150 354
@@progress p000.mp4 230 354
@@progress p006.mp4 230 354
@@progress p002.mp4 240 354
@@progress p001.mp4 250 354
@@progress p007.mp4 240 347
@@progress p005.mp4 250 354
@@progress p004.mp4 160 354
@@progress p000.mp4 240 354
@@progress p006.mp4 240 354
@@progress p002.mp4 250 354
@@progress p001.mp4 260 354
@@progress p003.mp4 160 354
@@progress p007.mp4 250 347
@@progress p005.mp4 260 354
@@progress p002.mp4 260 354
@@progress p001.mp4 270 354
@@progress p000.mp4 250 354
@@progress p006.mp4 250 354
@@progress p004.mp4 170 354
@@progress p007.mp4 260 347
@@progress p005.mp4 270 354
@@progress p003.mp4 170 354
@@progress p001.mp4 280 354
@@progress p000.mp4 260 354
@@progress p006.mp4 260 354
@@progress p002.mp4 270 354
@@progress p007.mp4 270 347
@@progress p005.mp4 280 354
@@progress p004.mp4 180 354
@@progress p001.mp4 290 354
@@progress p006.mp4 270 354
@@progress p000.mp4 270 354
@@progress p002.mp4 280 354
@@progress p007.mp4 280 347
@@progress p003.mp4 180 354
@@progress p005.mp4 290 354
@@progress p001.mp4 300 354
@@progress p004.mp4 190 354
@@progress p000.mp4 280 354
@@progress p006.mp4 280 354
@@progress p002.mp4 290 354
@@progress p007.mp4 290 347
@@progress p005.mp4 300 354
@@progress p001.mp4 310 354
@@progress p003.mp4 190 354
@@progress p000.mp4 290 354
@@progress p004.mp4 200 354
@@progress p006.mp4 290 354
@@progress p002.mp4 300 354
@@progress p007.mp4 300 347
@@progress p005.mp4 310 354
@@progress p001.mp4 320 354
@@progress p000.mp4 300 354
@@progress p006.mp4 300 354
@@progress p004.mp4 210 354
@@progress p007.mp4 310 347
@@progress p001.mp4 330 354
@@progress p003.mp4 200 354
@@progress p002.mp4 310 354
@@progress p005.mp4 320 354
@@progress p000.mp4 310 354
@@progress p006.mp4 310 354
@@progress p001.mp4 340 354
@@progress p007.mp4 320 347
@@progress p005.mp4 330 354
@@progress p004.mp4 220 354
@@progress p002.mp4 320 354
@@progress p000.mp4 320 354
@@progress p006.mp4 320 354
@@progress p003.mp4 210 354
@@progress p001.mp4 350 354
@@progress p007.mp4 330 347
@@progress p005.mp4 340 354
@@progress p001.mp4 354 354
@@progress p001.mp4 354 354
@@progress p001.mp4 354 354
chunk p001.mp4 frames 8829-9182 done 157.6s
@@done p001.mp4
[w1] all done 159.7s
@@progress p004.mp4 230 354
@@progress p000.mp4 330 354
@@progress p006.mp4 330 354
@@progress p002.mp4 330 354
@@progress p005.mp4 350 354
@@progress p007.mp4 340 347
@@progress p003.mp4 220 354
@@progress p005.mp4 354 354
@@progress p005.mp4 354 354
@@progress p005.mp4 354 354
@@progress p005.mp4 354 354
chunk p005.mp4 frames 10245-10598 done 161.8s
@@done p005.mp4
[w5] all done 164.1s
@@progress p000.mp4 340 354
@@progress p007.mp4 347 347
@@progress p006.mp4 340 354
@@progress p007.mp4 347 347
@@progress p004.mp4 240 354
@@progress p007.mp4 347 347
@@progress p007.mp4 347 347
chunk p007.mp4 frames 10953-11299 done 163.2s
@@done p007.mp4
[w7] all done 165.4s
@@progress p002.mp4 340 354
@@progress p006.mp4 350 354
@@progress p003.mp4 230 354
@@progress p000.mp4 350 354
@@progress p004.mp4 250 354
@@progress p006.mp4 354 354
@@progress p000.mp4 354 354
@@progress p006.mp4 354 354
@@progress p006.mp4 354 354
@@progress p000.mp4 354 354
@@progress p006.mp4 354 354
chunk p006.mp4 frames 10599-10952 done 166.9s
@@done p006.mp4
[w6] all done 169.3s
@@progress p000.mp4 354 354
chunk p000.mp4 frames 8475-8828 done 167.3s
@@done p000.mp4
[w0] all done 169.4s
@@progress p002.mp4 350 354
@@progress p003.mp4 240 354
@@progress p002.mp4 354 354
@@progress p004.mp4 260 354
@@progress p002.mp4 354 354
@@progress p002.mp4 354 354
chunk p002.mp4 frames 9183-9536 done 170.1s
@@done p002.mp4
[w2] all done 172.4s
@@progress p004.mp4 270 354
@@progress p003.mp4 250 354
@@progress p004.mp4 280 354
@@progress p003.mp4 260 354
@@progress p004.mp4 290 354
@@progress p003.mp4 270 354
@@progress p004.mp4 300 354
@@progress p003.mp4 280 354
@@progress p004.mp4 310 354
@@progress p004.mp4 320 354
@@progress p003.mp4 290 354
@@progress p004.mp4 330 354
@@progress p003.mp4 300 354
@@progress p004.mp4 340 354
@@progress p004.mp4 350 354
@@progress p003.mp4 310 354
@@progress p004.mp4 354 354
@@progress p004.mp4 354 354
@@progress p004.mp4 354 354
@@progress p004.mp4 354 354
chunk p004.mp4 frames 9891-10244 done 191.8s
@@done p004.mp4
[w4] all done 194.0s
@@progress p003.mp4 320 354
@@progress p003.mp4 330 354
@@progress p003.mp4 340 354
@@progress p003.mp4 350 354
@@progress p003.mp4 354 354
@@progress p003.mp4 354 354
@@progress p003.mp4 354 354
chunk p003.mp4 frames 9537-9890 done 201.8s
@@done p003.mp4
[w3] all done 204.2s
all done
