workers: 8 processes x concurrency 2 (8 tasks, 2825 frames)
bundle ok 5.6s (shared by 8 processes)
[w1] fonts: private fontconfig; monospace -> DejaVu Sans Mono (/srv/openmontage-render/jobs/v4-final-4x8-1/work/composer/render-fonts/DejaVuSansMono.ttf); sans-serif -> DejaVu Sans (/srv/openmontage-render/jobs/v4-final-4x8-1/work/composer/render-fonts/DejaVuSans.ttf)
[w1] Detected differing memory amounts:
[w1] Memory reported by CGroup: 8796092830517.56 MB
[w1] Memory reported by /proc/meminfo: 455269.67 MB
[w1] Memory reported by Node: 455270.18 MB
[w1] You might have inadvertently set the --memory flag of `docker run` to a value that is higher than the global Docker memory limit.
[w1] Using the lower amount of memory for calculation.
[w4] fonts: private fontconfig; monospace -> DejaVu Sans Mono (/srv/openmontage-render/jobs/v4-final-4x8-1/work/composer/render-fonts/DejaVuSansMono.ttf); sans-serif -> DejaVu Sans (/srv/openmontage-render/jobs/v4-final-4x8-1/work/composer/render-fonts/DejaVuSans.ttf)
[w4] Detected differing memory amounts:
[w4] Memory reported by CGroup: 8796092830474.42 MB
[w4] Memory reported by /proc/meminfo: 455213.64 MB
[w4] Memory reported by Node: 455214.13 MB
[w4] You might have inadvertently set the --memory flag of `docker run` to a value that is higher than the global Docker memory limit.
[w4] Using the lower amount of memory for calculation.
[w0] fonts: private fontconfig; monospace -> DejaVu Sans Mono (/srv/openmontage-render/jobs/v4-final-4x8-1/work/composer/render-fonts/DejaVuSansMono.ttf); sans-serif -> DejaVu Sans (/srv/openmontage-render/jobs/v4-final-4x8-1/work/composer/render-fonts/DejaVuSans.ttf)
[w0] Detected differing memory amounts:
[w0] Memory reported by CGroup: 8796092830404.00 MB
[w0] Memory reported by /proc/meminfo: 455140.26 MB
[w0] Memory reported by Node: 455140.29 MB
[w0] You might have inadvertently set the --memory flag of `docker run` to a value that is higher than the global Docker memory limit.
[w0] Using the lower amount of memory for calculation.
[w7] fonts: private fontconfig; monospace -> DejaVu Sans Mono (/srv/openmontage-render/jobs/v4-final-4x8-1/work/composer/render-fonts/DejaVuSansMono.ttf); sans-serif -> DejaVu Sans (/srv/openmontage-render/jobs/v4-final-4x8-1/work/composer/render-fonts/DejaVuSans.ttf)
[w7] Detected differing memory amounts:
[w7] Memory reported by CGroup: 8796092830337.25 MB
[w7] Memory reported by /proc/meminfo: 455074.15 MB
[w7] Memory reported by Node: 455074.64 MB
[w7] You might have inadvertently set the --memory flag of `docker run` to a value that is higher than the global Docker memory limit.
[w7] Using the lower amount of memory for calculation.
[w6] fonts: private fontconfig; monospace -> DejaVu Sans Mono (/srv/openmontage-render/jobs/v4-final-4x8-1/work/composer/render-fonts/DejaVuSansMono.ttf); sans-serif -> DejaVu Sans (/srv/openmontage-render/jobs/v4-final-4x8-1/work/composer/render-fonts/DejaVuSans.ttf)
[w6] Detected differing memory amounts:
[w6] Memory reported by CGroup: 8796092830270.58 MB
[w6] Memory reported by /proc/meminfo: 455005.65 MB
[w6] Memory reported by Node: 455005.65 MB
[w6] You might have inadvertently set the --memory flag of `docker run` to a value that is higher than the global Docker memory limit.
[w6] Using the lower amount of memory for calculation.
[w3] fonts: private fontconfig; monospace -> DejaVu Sans Mono (/srv/openmontage-render/jobs/v4-final-4x8-1/work/composer/render-fonts/DejaVuSansMono.ttf); sans-serif -> DejaVu Sans (/srv/openmontage-render/jobs/v4-final-4x8-1/work/composer/render-fonts/DejaVuSans.ttf)
[w3] Detected differing memory amounts:
[w3] Memory reported by CGroup: 8796092830245.28 MB
[w3] Memory reported by /proc/meminfo: 454977.08 MB
[w3] Memory reported by Node: 454977.57 MB
[w3] You might have inadvertently set the --memory flag of `docker run` to a value that is higher than the global Docker memory limit.
[w3] Using the lower amount of memory for calculation.
[w5] fonts: private fontconfig; monospace -> DejaVu Sans Mono (/srv/openmontage-render/jobs/v4-final-4x8-1/work/composer/render-fonts/DejaVuSansMono.ttf); sans-serif -> DejaVu Sans (/srv/openmontage-render/jobs/v4-final-4x8-1/work/composer/render-fonts/DejaVuSans.ttf)
[w2] fonts: private fontconfig; monospace -> DejaVu Sans Mono (/srv/openmontage-render/jobs/v4-final-4x8-1/work/composer/render-fonts/DejaVuSansMono.ttf); sans-serif -> DejaVu Sans (/srv/openmontage-render/jobs/v4-final-4x8-1/work/composer/render-fonts/DejaVuSans.ttf)
[w2] Detected differing memory amounts:
[w2] Memory reported by CGroup: 8796092830104.99 MB
[w2] Memory reported by /proc/meminfo: 454815.94 MB
[w2] Memory reported by Node: 454816.43 MB
[w2] You might have inadvertently set the --memory flag of `docker run` to a value that is higher than the global Docker memory limit.
[w2] Using the lower amount of memory for calculation.
[w5] Detected differing memory amounts:
[w5] Memory reported by CGroup: 8796092830103.13 MB
[w5] Memory reported by /proc/meminfo: 454814.46 MB
[w5] Memory reported by Node: 454815.94 MB
[w5] You might have inadvertently set the --memory flag of `docker run` to a value that is higher than the global Docker memory limit.
[w5] Using the lower amount of memory for calculation.
[w4] Detected differing memory amounts:
[w4] Memory reported by CGroup: 8796092828914.61 MB
[w4] Memory reported by /proc/meminfo: 453588.06 MB
[w4] Memory reported by Node: 453588.06 MB
[w4] You might have inadvertently set the --memory flag of `docker run` to a value that is higher than the global Docker memory limit.
[w4] Using the lower amount of memory for calculation.
[w3] Detected differing memory amounts:
[w3] Memory reported by CGroup: 8796092828913.23 MB
[w3] Memory reported by /proc/meminfo: 453580.27 MB
[w3] Memory reported by Node: 453580.80 MB
[w3] You might have inadvertently set the --memory flag of `docker run` to a value that is higher than the global Docker memory limit.
[w3] Using the lower amount of memory for calculation.
[w1] Detected differing memory amounts:
[w1] Memory reported by CGroup: 8796092828916.88 MB
[w1] Memory reported by /proc/meminfo: 453585.88 MB
[w1] Memory reported by Node: 453585.88 MB
[w1] You might have inadvertently set the --memory flag of `docker run` to a value that is higher than the global Docker memory limit.
[w1] Using the lower amount of memory for calculation.
[w7] Detected differing memory amounts:
[w7] Memory reported by CGroup: 8796092828864.56 MB
[w7] Memory reported by /proc/meminfo: 453530.75 MB
[w7] Memory reported by Node: 453530.75 MB
[w7] You might have inadvertently set the --memory flag of `docker run` to a value that is higher than the global Docker memory limit.
[w7] Using the lower amount of memory for calculation.
[w6] Detected differing memory amounts:
[w6] Memory reported by CGroup: 8796092828804.87 MB
[w6] Memory reported by /proc/meminfo: 453450.55 MB
[w6] Memory reported by Node: 453451.62 MB
[w6] You might have inadvertently set the --memory flag of `docker run` to a value that is higher than the global Docker memory limit.
[w6] Using the lower amount of memory for calculation.
[w0] Detected differing memory amounts:
[w0] Memory reported by CGroup: 8796092828801.99 MB
[w0] Memory reported by /proc/meminfo: 453445.37 MB
[w0] Memory reported by Node: 453445.89 MB
[w0] You might have inadvertently set the --memory flag of `docker run` to a value that is higher than the global Docker memory limit.
[w0] Using the lower amount of memory for calculation.
[w5] Detected differing memory amounts:
[w5] Memory reported by CGroup: 8796092828765.61 MB
[w5] Memory reported by /proc/meminfo: 453411.14 MB
[w5] Memory reported by Node: 453411.14 MB
[w5] You might have inadvertently set the --memory flag of `docker run` to a value that is higher than the global Docker memory limit.
[w5] Using the lower amount of memory for calculation.
[w2] Detected differing memory amounts:
[w2] Memory reported by CGroup: 8796092828741.77 MB
[w2] Memory reported by /proc/meminfo: 453389.92 MB
[w2] Memory reported by Node: 453389.92 MB
[w2] You might have inadvertently set the --memory flag of `docker run` to a value that is higher than the global Docker memory limit.
[w2] Using the lower amount of memory for calculation.
[w1] composition Explainer frames=11300 fps=30 1920x1080
[w1] Detected differing memory amounts:
[w1] Memory reported by CGroup: 8796092826390.43 MB
[w1] Memory reported by /proc/meminfo: 452301.88 MB
[w1] Memory reported by Node: 452302.37 MB
[w1] You might have inadvertently set the --memory flag of `docker run` to a value that is higher than the global Docker memory limit.
[w1] Using the lower amount of memory for calculation.
[w4] composition Explainer frames=11300 fps=30 1920x1080
[w4] Detected differing memory amounts:
[w4] Memory reported by CGroup: 8796092826386.83 MB
[w4] Memory reported by /proc/meminfo: 452300.23 MB
[w4] Memory reported by Node: 452300.23 MB
[w4] You might have inadvertently set the --memory flag of `docker run` to a value that is higher than the global Docker memory limit.
[w4] Using the lower amount of memory for calculation.
@@progress p001.mp4 0 354
@@progress p004.mp4 0 354
[w5] composition Explainer frames=11300 fps=30 1920x1080
[w1] Detected differing memory amounts:
[w1] Memory reported by CGroup: 8796092826336.78 MB
[w1] Memory reported by /proc/meminfo: 452254.65 MB
[w1] Memory reported by Node: 452255.87 MB
[w1] You might have inadvertently set the --memory flag of `docker run` to a value that is higher than the global Docker memory limit.
[w1] Using the lower amount of memory for calculation.
[w1] Detected differing memory amounts:
[w1] Memory reported by CGroup: 8796092826346.80 MB
[w1] Memory reported by /proc/meminfo: 452266.13 MB
[w1] Memory reported by Node: 452266.13 MB
[w1] You might have inadvertently set the --memory flag of `docker run` to a value that is higher than the global Docker memory limit.
[w1] Using the lower amount of memory for calculation.
[w5] Detected differing memory amounts:
[w5] Memory reported by CGroup: 8796092826350.43 MB
[w5] Memory reported by /proc/meminfo: 452267.05 MB
[w5] Memory reported by Node: 452266.56 MB
[w5] You might have inadvertently set the --memory flag of `docker run` to a value that is higher than the global Docker memory limit.
[w5] Using the lower amount of memory for calculation.
[w4] Detected differing memory amounts:
[w4] Memory reported by CGroup: 8796092826364.74 MB
[w4] Memory reported by /proc/meminfo: 452279.13 MB
[w4] Memory reported by Node: 452280.61 MB
[w4] You might have inadvertently set the --memory flag of `docker run` to a value that is higher than the global Docker memory limit.
[w4] Using the lower amount of memory for calculation.
[w0] composition Explainer frames=11300 fps=30 1920x1080
[w0] Detected differing memory amounts:
[w0] Memory reported by CGroup: 8796092826376.46 MB
[w0] Memory reported by /proc/meminfo: 452287.23 MB
[w0] Memory reported by Node: 452286.73 MB
[w0] You might have inadvertently set the --memory flag of `docker run` to a value that is higher than the global Docker memory limit.
[w0] Using the lower amount of memory for calculation.
[w3] composition Explainer frames=11300 fps=30 1920x1080
[w6] composition Explainer frames=11300 fps=30 1920x1080
[w7] composition Explainer frames=11300 fps=30 1920x1080
[w2] composition Explainer frames=11300 fps=30 1920x1080
[w4] Detected differing memory amounts:
[w4] Memory reported by CGroup: 8796092826452.03 MB
[w4] Memory reported by /proc/meminfo: 452355.47 MB
[w4] Memory reported by Node: 452355.96 MB
[w4] You might have inadvertently set the --memory flag of `docker run` to a value that is higher than the global Docker memory limit.
[w4] Using the lower amount of memory for calculation.
[w6] Detected differing memory amounts:
[w6] Memory reported by CGroup: 8796092826536.26 MB
[w6] Memory reported by /proc/meminfo: 452438.88 MB
[w6] Memory reported by Node: 452437.90 MB
[w6] You might have inadvertently set the --memory flag of `docker run` to a value that is higher than the global Docker memory limit.
[w6] Using the lower amount of memory for calculation.
@@progress p005.mp4 0 354
[w3] Detected differing memory amounts:
[w3] Memory reported by CGroup: 8796092826535.87 MB
[w3] Memory reported by /proc/meminfo: 452445.69 MB
[w3] Memory reported by Node: 452445.69 MB
[w3] You might have inadvertently set the --memory flag of `docker run` to a value that is higher than the global Docker memory limit.
[w3] Using the lower amount of memory for calculation.
[w7] Detected differing memory amounts:
[w7] Memory reported by CGroup: 8796092826543.67 MB
[w7] Memory reported by /proc/meminfo: 452455.35 MB
[w7] Memory reported by Node: 452455.35 MB
[w7] You might have inadvertently set the --memory flag of `docker run` to a value that is higher than the global Docker memory limit.
[w7] Using the lower amount of memory for calculation.
[w2] Detected differing memory amounts:
[w2] Memory reported by CGroup: 8796092826540.57 MB
[w2] Memory reported by /proc/meminfo: 452451.45 MB
[w2] Memory reported by Node: 452451.45 MB
[w2] You might have inadvertently set the --memory flag of `docker run` to a value that is higher than the global Docker memory limit.
[w2] Using the lower amount of memory for calculation.
[w5] Detected differing memory amounts:
[w5] Memory reported by CGroup: 8796092826347.24 MB
[w5] Memory reported by /proc/meminfo: 452284.98 MB
[w5] Memory reported by Node: 452284.48 MB
[w5] You might have inadvertently set the --memory flag of `docker run` to a value that is higher than the global Docker memory limit.
[w5] Using the lower amount of memory for calculation.
@@progress p007.mp4 0 347
@@progress p000.mp4 0 354
@@progress p006.mp4 0 354
@@progress p002.mp4 0 354
@@progress p003.mp4 0 354
[w5] Detected differing memory amounts:
[w5] Memory reported by CGroup: 8796092826171.82 MB
[w5] Memory reported by /proc/meminfo: 452110.36 MB
[w5] Memory reported by Node: 452110.85 MB
[w5] You might have inadvertently set the --memory flag of `docker run` to a value that is higher than the global Docker memory limit.
[w5] Using the lower amount of memory for calculation.
[w7] Detected differing memory amounts:
[w7] Memory reported by CGroup: 8796092826019.89 MB
[w7] Memory reported by /proc/meminfo: 451953.05 MB
[w7] Memory reported by Node: 451953.05 MB
[w7] You might have inadvertently set the --memory flag of `docker run` to a value that is higher than the global Docker memory limit.
[w7] Using the lower amount of memory for calculation.
[w6] Detected differing memory amounts:
[w6] Memory reported by CGroup: 8796092825901.21 MB
[w6] Memory reported by /proc/meminfo: 451829.57 MB
[w6] Memory reported by Node: 451829.57 MB
[w6] You might have inadvertently set the --memory flag of `docker run` to a value that is higher than the global Docker memory limit.
[w6] Using the lower amount of memory for calculation.
[w3] Detected differing memory amounts:
[w3] Memory reported by CGroup: 8796092825894.93 MB
[w3] Memory reported by /proc/meminfo: 451824.99 MB
[w3] Memory reported by Node: 451825.72 MB
[w3] You might have inadvertently set the --memory flag of `docker run` to a value that is higher than the global Docker memory limit.
[w3] Using the lower amount of memory for calculation.
[w7] Detected differing memory amounts:
[w7] Memory reported by CGroup: 8796092825891.20 MB
[w7] Memory reported by /proc/meminfo: 451821.51 MB
[w7] Memory reported by Node: 451821.51 MB
[w7] You might have inadvertently set the --memory flag of `docker run` to a value that is higher than the global Docker memory limit.
[w7] Using the lower amount of memory for calculation.
[w6] Detected differing memory amounts:
[w6] Memory reported by CGroup: 8796092825880.68 MB
[w6] Memory reported by /proc/meminfo: 451813.41 MB
[w6] Memory reported by Node: 451813.41 MB
[w6] You might have inadvertently set the --memory flag of `docker run` to a value that is higher than the global Docker memory limit.
[w6] Using the lower amount of memory for calculation.
[w0] Detected differing memory amounts:
[w0] Memory reported by CGroup: 8796092825847.84 MB
[w0] Memory reported by /proc/meminfo: 451785.40 MB
[w0] Memory reported by Node: 451784.91 MB
[w0] You might have inadvertently set the --memory flag of `docker run` to a value that is higher than the global Docker memory limit.
[w0] Using the lower amount of memory for calculation.
[w2] Detected differing memory amounts:
[w2] Memory reported by CGroup: 8796092825834.58 MB
[w2] Memory reported by /proc/meminfo: 451772.29 MB
[w2] Memory reported by Node: 451772.29 MB
[w2] You might have inadvertently set the --memory flag of `docker run` to a value that is higher than the global Docker memory limit.
[w2] Using the lower amount of memory for calculation.
[w3] Detected differing memory amounts:
[w3] Memory reported by CGroup: 8796092825821.61 MB
[w3] Memory reported by /proc/meminfo: 451763.21 MB
[w3] Memory reported by Node: 451763.70 MB
[w3] You might have inadvertently set the --memory flag of `docker run` to a value that is higher than the global Docker memory limit.
[w3] Using the lower amount of memory for calculation.
[w0] Detected differing memory amounts:
[w0] Memory reported by CGroup: 8796092825810.61 MB
[w0] Memory reported by /proc/meminfo: 451754.50 MB
[w0] Memory reported by Node: 451754.99 MB
[w0] You might have inadvertently set the --memory flag of `docker run` to a value that is higher than the global Docker memory limit.
[w0] Using the lower amount of memory for calculation.
[w2] Detected differing memory amounts:
[w2] Memory reported by CGroup: 8796092825769.22 MB
[w2] Memory reported by /proc/meminfo: 451710.81 MB
[w2] Memory reported by Node: 451710.81 MB
[w2] You might have inadvertently set the --memory flag of `docker run` to a value that is higher than the global Docker memory limit.
[w2] Using the lower amount of memory for calculation.
@@progress p001.mp4 10 354
@@progress p004.mp4 10 354
@@progress p005.mp4 10 354
@@progress p006.mp4 10 354
@@progress p007.mp4 10 347
@@progress p000.mp4 10 354
@@progress p002.mp4 10 354
@@progress p003.mp4 10 354
@@progress p004.mp4 20 354
@@progress p007.mp4 20 347
@@progress p005.mp4 20 354
@@progress p001.mp4 20 354
@@progress p006.mp4 20 354
@@progress p000.mp4 20 354
@@progress p002.mp4 20 354
@@progress p003.mp4 20 354
@@progress p004.mp4 30 354
@@progress p007.mp4 30 347
@@progress p005.mp4 30 354
@@progress p001.mp4 30 354
@@progress p006.mp4 30 354
@@progress p000.mp4 30 354
@@progress p002.mp4 30 354
@@progress p007.mp4 40 347
@@progress p004.mp4 40 354
@@progress p005.mp4 40 354
@@progress p001.mp4 40 354
@@progress p006.mp4 40 354
@@progress p003.mp4 30 354
@@progress p000.mp4 40 354
@@progress p004.mp4 50 354
@@progress p007.mp4 50 347
@@progress p002.mp4 40 354
@@progress p005.mp4 50 354
@@progress p001.mp4 50 354
@@progress p006.mp4 50 354
@@progress p000.mp4 50 354
@@progress p003.mp4 40 354
@@progress p004.mp4 60 354
@@progress p006.mp4 60 354
@@progress p001.mp4 60 354
@@progress p005.mp4 60 354
@@progress p007.mp4 60 347
@@progress p002.mp4 50 354
@@progress p000.mp4 60 354
@@progress p004.mp4 70 354
@@progress p003.mp4 50 354
@@progress p006.mp4 70 354
@@progress p001.mp4 70 354
@@progress p005.mp4 70 354
@@progress p007.mp4 70 347
@@progress p004.mp4 80 354
@@progress p000.mp4 70 354
@@progress p002.mp4 60 354
@@progress p006.mp4 80 354
@@progress p001.mp4 80 354
@@progress p003.mp4 60 354
@@progress p005.mp4 80 354
@@progress p004.mp4 90 354
@@progress p000.mp4 80 354
@@progress p007.mp4 80 347
@@progress p006.mp4 90 354
@@progress p002.mp4 70 354
@@progress p001.mp4 90 354
@@progress p005.mp4 90 354
@@progress p004.mp4 100 354
@@progress p003.mp4 70 354
@@progress p000.mp4 90 354
@@progress p006.mp4 100 354
@@progress p001.mp4 100 354
@@progress p005.mp4 100 354
@@progress p007.mp4 90 347
@@progress p002.mp4 80 354
@@progress p004.mp4 110 354
@@progress p003.mp4 80 354
@@progress p000.mp4 100 354
@@progress p006.mp4 110 354
@@progress p001.mp4 110 354
@@progress p004.mp4 120 354
@@progress p005.mp4 110 354
@@progress p007.mp4 100 347
@@progress p002.mp4 90 354
@@progress p006.mp4 120 354
@@progress p000.mp4 110 354
@@progress p003.mp4 90 354
@@progress p004.mp4 130 354
@@progress p001.mp4 120 354
@@progress p005.mp4 120 354
@@progress p006.mp4 130 354
@@progress p007.mp4 110 347
@@progress p002.mp4 100 354
@@progress p000.mp4 120 354
@@progress p003.mp4 100 354
@@progress p004.mp4 140 354
@@progress p001.mp4 130 354
@@progress p005.mp4 130 354
@@progress p006.mp4 140 354
@@progress p003.mp4 110 354
@@progress p000.mp4 130 354
@@progress p004.mp4 150 354
@@progress p007.mp4 120 347
@@progress p002.mp4 110 354
@@progress p006.mp4 150 354
@@progress p005.mp4 140 354
@@progress p001.mp4 140 354
@@progress p003.mp4 120 354
@@progress p000.mp4 140 354
@@progress p004.mp4 160 354
@@progress p007.mp4 130 347
@@progress p006.mp4 160 354
@@progress p002.mp4 120 354
@@progress p005.mp4 150 354
@@progress p001.mp4 150 354
@@progress p003.mp4 130 354
@@progress p004.mp4 170 354
@@progress p000.mp4 150 354
@@progress p006.mp4 170 354
@@progress p003.mp4 140 354
@@progress p007.mp4 140 347
@@progress p002.mp4 130 354
@@progress p005.mp4 160 354
@@progress p004.mp4 180 354
@@progress p001.mp4 160 354
@@progress p000.mp4 160 354
@@progress p006.mp4 180 354
@@progress p003.mp4 150 354
@@progress p005.mp4 170 354
@@progress p004.mp4 190 354
@@progress p007.mp4 150 347
@@progress p000.mp4 170 354
@@progress p002.mp4 140 354
@@progress p001.mp4 170 354
@@progress p006.mp4 190 354
@@progress p003.mp4 160 354
@@progress p004.mp4 200 354
@@progress p005.mp4 180 354
@@progress p006.mp4 200 354
@@progress p000.mp4 180 354
@@progress p007.mp4 160 347
@@progress p001.mp4 180 354
@@progress p002.mp4 150 354
@@progress p003.mp4 170 354
@@progress p004.mp4 210 354
@@progress p006.mp4 210 354
@@progress p005.mp4 190 354
@@progress p000.mp4 190 354
@@progress p003.mp4 180 354
@@progress p001.mp4 190 354
@@progress p007.mp4 170 347
@@progress p002.mp4 160 354
@@progress p004.mp4 220 354
@@progress p006.mp4 220 354
@@progress p005.mp4 200 354
@@progress p000.mp4 200 354
@@progress p003.mp4 190 354
@@progress p001.mp4 200 354
@@progress p004.mp4 230 354
@@progress p006.mp4 230 354
@@progress p002.mp4 170 354
@@progress p007.mp4 180 347
@@progress p005.mp4 210 354
@@progress p000.mp4 210 354
@@progress p003.mp4 200 354
@@progress p004.mp4 240 354
@@progress p006.mp4 240 354
@@progress p001.mp4 210 354
@@progress p007.mp4 190 347
@@progress p003.mp4 210 354
@@progress p002.mp4 180 354
@@progress p000.mp4 220 354
@@progress p005.mp4 220 354
@@progress p004.mp4 250 354
@@progress p006.mp4 250 354
@@progress p001.mp4 220 354
@@progress p003.mp4 220 354
@@progress p000.mp4 230 354
@@progress p007.mp4 200 347
@@progress p005.mp4 230 354
@@progress p002.mp4 190 354
@@progress p004.mp4 260 354
@@progress p006.mp4 260 354
@@progress p003.mp4 230 354
@@progress p001.mp4 230 354
@@progress p000.mp4 240 354
@@progress p004.mp4 270 354
@@progress p005.mp4 240 354
@@progress p007.mp4 210 347
@@progress p006.mp4 270 354
@@progress p002.mp4 200 354
@@progress p003.mp4 240 354
@@progress p001.mp4 240 354
@@progress p000.mp4 250 354
@@progress p004.mp4 280 354
@@progress p006.mp4 280 354
@@progress p005.mp4 250 354
@@progress p007.mp4 220 347
@@progress p003.mp4 250 354
@@progress p002.mp4 210 354
@@progress p004.mp4 290 354
@@progress p006.mp4 290 354
@@progress p001.mp4 250 354
@@progress p000.mp4 260 354
@@progress p005.mp4 260 354
@@progress p003.mp4 260 354
@@progress p007.mp4 230 347
@@progress p004.mp4 300 354
@@progress p006.mp4 300 354
@@progress p002.mp4 220 354
@@progress p000.mp4 270 354
@@progress p001.mp4 260 354
@@progress p005.mp4 270 354
@@progress p003.mp4 270 354
@@progress p007.mp4 240 347
@@progress p006.mp4 310 354
@@progress p004.mp4 310 354
@@progress p000.mp4 280 354
@@progress p003.mp4 280 354
@@progress p002.mp4 230 354
@@progress p001.mp4 270 354
@@progress p005.mp4 280 354
@@progress p006.mp4 320 354
@@progress p004.mp4 320 354
@@progress p007.mp4 250 347
@@progress p000.mp4 290 354
@@progress p003.mp4 290 354
@@progress p001.mp4 280 354
@@progress p005.mp4 290 354
@@progress p002.mp4 240 354
@@progress p006.mp4 330 354
@@progress p004.mp4 330 354
@@progress p000.mp4 300 354
@@progress p003.mp4 300 354
@@progress p007.mp4 260 347
@@progress p006.mp4 340 354
@@progress p005.mp4 300 354
@@progress p001.mp4 290 354
@@progress p004.mp4 340 354
@@progress p002.mp4 250 354
@@progress p000.mp4 310 354
@@progress p003.mp4 310 354
@@progress p007.mp4 270 347
@@progress p006.mp4 350 354
@@progress p004.mp4 350 354
@@progress p005.mp4 310 354
@@progress p001.mp4 300 354
@@progress p006.mp4 354 354
@@progress p000.mp4 320 354
@@progress p006.mp4 354 354
@@progress p006.mp4 354 354
chunk p006.mp4 frames 4949-5302 done 165.3s
@@done p006.mp4
[w6] all done 167.5s
@@progress p004.mp4 354 354
@@progress p003.mp4 320 354
@@progress p004.mp4 354 354
@@progress p004.mp4 354 354
chunk p004.mp4 frames 4241-4594 done 165.8s
@@done p004.mp4
[w4] all done 167.9s
@@progress p002.mp4 260 354
@@progress p007.mp4 280 347
@@progress p001.mp4 310 354
@@progress p005.mp4 320 354
@@progress p003.mp4 330 354
@@progress p000.mp4 330 354
@@progress p002.mp4 270 354
@@progress p007.mp4 290 347
@@progress p003.mp4 340 354
@@progress p005.mp4 330 354
@@progress p000.mp4 340 354
@@progress p001.mp4 320 354
@@progress p002.mp4 280 354
@@progress p003.mp4 350 354
@@progress p005.mp4 340 354
@@progress p000.mp4 350 354
@@progress p007.mp4 300 347
@@progress p001.mp4 330 354
@@progress p003.mp4 354 354
@@progress p003.mp4 354 354
@@progress p003.mp4 354 354
chunk p003.mp4 frames 3887-4240 done 173.5s
@@done p003.mp4
[w3] all done 175.7s
@@progress p000.mp4 354 354
@@progress p000.mp4 354 354
@@progress p000.mp4 354 354
@@progress p000.mp4 354 354
chunk p000.mp4 frames 2825-3178 done 174.3s
@@done p000.mp4
[w0] all done 176.6s
@@progress p002.mp4 290 354
@@progress p005.mp4 350 354
@@progress p001.mp4 340 354
@@progress p007.mp4 310 347
@@progress p005.mp4 354 354
@@progress p005.mp4 354 354
@@progress p005.mp4 354 354
@@progress p005.mp4 354 354
chunk p005.mp4 frames 4595-4948 done 176.6s
@@done p005.mp4
[w5] all done 178.8s
@@progress p001.mp4 350 354
@@progress p002.mp4 300 354
@@progress p007.mp4 320 347
@@progress p001.mp4 354 354
@@progress p001.mp4 354 354
@@progress p001.mp4 354 354
chunk p001.mp4 frames 3179-3532 done 179.5s
@@done p001.mp4
[w1] all done 181.6s
@@progress p002.mp4 310 354
@@progress p007.mp4 330 347
@@progress p002.mp4 320 354
@@progress p007.mp4 340 347
@@progress p007.mp4 347 347
@@progress p007.mp4 347 347
@@progress p007.mp4 347 347
chunk p007.mp4 frames 5303-5649 done 185.7s
@@done p007.mp4
[w7] all done 188.0s
@@progress p002.mp4 330 354
@@progress p002.mp4 340 354
@@progress p002.mp4 350 354
@@progress p002.mp4 354 354
@@progress p002.mp4 354 354
@@progress p002.mp4 354 354
chunk p002.mp4 frames 3533-3886 done 192.3s
@@done p002.mp4
[w2] all done 194.5s
all done
