-- Logs begin at Sat 2026-08-29 19:08:28 CST, end at Thu 2026-10-08 10:37:39 CST. --
Oct 08 10:36:37 k8s-node3-gpu systemd[1]: Stopping OpenMontage restricted CPU render agent...
Oct 08 10:36:37 k8s-node3-gpu systemd[1]: openmontage-render-agent.service: Succeeded.
Oct 08 10:36:37 k8s-node3-gpu systemd[1]: Stopped OpenMontage restricted CPU render agent.
Oct 08 10:36:37 k8s-node3-gpu systemd[1]: Started OpenMontage restricted CPU render agent.
Oct 08 10:36:37 k8s-node3-gpu python3[2453517]: /usr/bin/python3: can't open file '/opt/openmontage-render/agent.py': [Errno 13] Permission denied
Oct 08 10:36:37 k8s-node3-gpu systemd[1]: openmontage-render-agent.service: Main process exited, code=exited, status=2/INVALIDARGUMENT
Oct 08 10:36:37 k8s-node3-gpu systemd[1]: openmontage-render-agent.service: Failed with result 'exit-code'.
Oct 08 10:36:43 k8s-node3-gpu systemd[1]: openmontage-render-agent.service: Scheduled restart job, restart counter is at 1.
Oct 08 10:36:43 k8s-node3-gpu systemd[1]: Stopped OpenMontage restricted CPU render agent.
Oct 08 10:36:43 k8s-node3-gpu systemd[1]: Started OpenMontage restricted CPU render agent.
Oct 08 10:36:43 k8s-node3-gpu python3[2453799]: /usr/bin/python3: can't open file '/opt/openmontage-render/agent.py': [Errno 13] Permission denied
Oct 08 10:36:43 k8s-node3-gpu systemd[1]: openmontage-render-agent.service: Main process exited, code=exited, status=2/INVALIDARGUMENT
Oct 08 10:36:43 k8s-node3-gpu systemd[1]: openmontage-render-agent.service: Failed with result 'exit-code'.
Oct 08 10:36:48 k8s-node3-gpu systemd[1]: openmontage-render-agent.service: Scheduled restart job, restart counter is at 2.
Oct 08 10:36:48 k8s-node3-gpu systemd[1]: Stopped OpenMontage restricted CPU render agent.
Oct 08 10:36:48 k8s-node3-gpu systemd[1]: Started OpenMontage restricted CPU render agent.
Oct 08 10:36:48 k8s-node3-gpu python3[2454162]: /usr/bin/python3: can't open file '/opt/openmontage-render/agent.py': [Errno 13] Permission denied
Oct 08 10:36:48 k8s-node3-gpu systemd[1]: openmontage-render-agent.service: Main process exited, code=exited, status=2/INVALIDARGUMENT
Oct 08 10:36:48 k8s-node3-gpu systemd[1]: openmontage-render-agent.service: Failed with result 'exit-code'.
Oct 08 10:36:53 k8s-node3-gpu systemd[1]: openmontage-render-agent.service: Scheduled restart job, restart counter is at 3.
Oct 08 10:36:53 k8s-node3-gpu systemd[1]: Stopped OpenMontage restricted CPU render agent.
Oct 08 10:36:53 k8s-node3-gpu systemd[1]: Started OpenMontage restricted CPU render agent.
Oct 08 10:36:53 k8s-node3-gpu python3[2454440]: /usr/bin/python3: can't open file '/opt/openmontage-render/agent.py': [Errno 13] Permission denied
Oct 08 10:36:53 k8s-node3-gpu systemd[1]: openmontage-render-agent.service: Main process exited, code=exited, status=2/INVALIDARGUMENT
Oct 08 10:36:53 k8s-node3-gpu systemd[1]: openmontage-render-agent.service: Failed with result 'exit-code'.
Oct 08 10:36:58 k8s-node3-gpu systemd[1]: openmontage-render-agent.service: Scheduled restart job, restart counter is at 4.
Oct 08 10:36:58 k8s-node3-gpu systemd[1]: Stopped OpenMontage restricted CPU render agent.
Oct 08 10:36:58 k8s-node3-gpu systemd[1]: Started OpenMontage restricted CPU render agent.
Oct 08 10:36:58 k8s-node3-gpu python3[2454716]: /usr/bin/python3: can't open file '/opt/openmontage-render/agent.py': [Errno 13] Permission denied
Oct 08 10:36:58 k8s-node3-gpu systemd[1]: openmontage-render-agent.service: Main process exited, code=exited, status=2/INVALIDARGUMENT
Oct 08 10:36:58 k8s-node3-gpu systemd[1]: openmontage-render-agent.service: Failed with result 'exit-code'.
Oct 08 10:37:03 k8s-node3-gpu systemd[1]: Stopped OpenMontage restricted CPU render agent.
Oct 08 10:37:03 k8s-node3-gpu systemd[1]: Started OpenMontage restricted CPU render agent.
